<html>
<body>
<pre>
<h1>µVision Build Log</h1>
<h2>Tool Versions:</h2>
IDE-Version: µVision V5.21.0.0
Copyright (C) 2016 ARM Ltd and ARM Germany GmbH. All rights reserved.
License Information: Andre Balzen, UBC, LIC=IC9X7-E2328-5A6DF-6060E-EFB8L-H6ICB
 
Tool Versions:
Toolchain:       MDK-ARM Professional  Version: 5.20
Toolchain Path:  D:\KEIL\ARM\PACK\ARM\ARMCC\Bin
C Compiler:      Armcc.exe V5.06 update 2 (build 183)
Assembler:       Armasm.exe V5.06 update 2 (build 183)
Linker/Locator:  ArmLink.exe V5.06 update 2 (build 183)
Library Manager: ArmAr.exe V5.06 update 2 (build 183)
Hex Converter:   FromElf.exe V5.06 update 2 (build 183)
CPU DLL:         SARMCM3.DLL V5.20
Dialog DLL:      DARMCM1.DLL V1.14.0.0
Target DLL:      STLink\ST-LINKIII-KEIL_SWO.dll V2.0.18.0
Dialog DLL:      TARMCM1.DLL V1.10.0.0
 
<h2>Project:</h2>
D:\CanOpen\CANopenSTM32F0\CAN.uvproj
Project File Date:  02/01/2017

<h2>Output:</h2>
*** Using Compiler 'V5.06 update 2 (build 183)', folder: 'D:\KEIL\ARM\PACK\ARM\ARMCC\Bin'
Rebuild target 'CANBus'
assembling startup_stm32f072.s...
compiling led.c...
compiling application.c...
Application\src\application.c(89): warning:  #188-D: enumerated type mixed with another type
      CanLedsSet((
ED_GREEN_RUN(CO->NMT)>0 ? eCoLed_Green : 0) | (
ED_RED_ERROR(CO->NMT)>0 ? eCoLed_Red : 0));
Application\src\application.c: 1 warning, 0 errors
compiling isr.c...
compiling timer.c...
compiling main.c...
compiling CANopen.c...
CANopen\CANopen.c(47): warning:  #550-D: variable "CO_memoryUsed" was set but never used
      static uint32_t CO_memoryUsed = 0; /* informative */
CANopen\CANopen.c: 1 warning, 0 errors
compiling CO_common.c...
compiling co_driver.c...
CANopen\co_driver.c(218): warning:  #513-D: a value of type "void (*)(void *, CO_CANrxMsg_t *)" cannot be assigned to an entity of type "void (*)(void *, CanRxMsg *)"
      rxBuffer->pFunct = pFunct;
CANopen\co_driver.c: 1 warning, 0 errors
compiling CO_OD.c...
compiling CO_HBconsumer.c...
compiling CO_NMT_Heartbeat.c...
compiling CO_Emergency.c...
compiling CO_PDO.c...
CANopen\CO_PDO.c(641): warning:  #188-D: enumerated type mixed with another type
          return CO_RPDOconfigMap(RPDO, *value);    // FARID to remove warnings
CANopen\CO_PDO.c(657): warning:  #188-D: enumerated type mixed with another type
          return CO_PDOfindMap(    // FARID to remove warnings
CANopen\CO_PDO.c(667): warning:  #111-D: statement is unreachable
      return CO_SDO_AB_NONE;
CANopen\CO_PDO.c(711): warning:  #188-D: enumerated type mixed with another type
          return CO_TPDOconfigMap(TPDO, *value);    // FARID to remove warnings
CANopen\CO_PDO.c(727): warning:  #188-D: enumerated type mixed with another type
          return CO_PDOfindMap(
CANopen\CO_PDO.c(737): warning:  #111-D: statement is unreachable
      return CO_SDO_AB_NONE;
CANopen\CO_PDO.c: 6 warnings, 0 errors
compiling crc16-ccitt.c...
compiling stm32f0xx_exti.c...
compiling CO_SYNC.c...
compiling stm32f0xx_can.c...
compiling CO_SDO.c...
compiling CO_SDOmaster.c...
compiling stm32f0xx_gpio.c...
compiling stm32f0xx_misc.c...
compiling stm32f0xx_iwdg.c...
compiling stm32f0xx_rcc.c...
compiling system_stm32f0xx.c...
compiling stm32f0xx_tim.c...
linking...
Program Size: Code=17564 RO-data=2516 RW-data=1016 ZI-data=1640  
FromELF: creating hex file...
".\Flash\CanDemo.axf" - 0 Error(s), 9 Warning(s).
Build Time Elapsed:  00:00:02
</pre>
</body>
</html>
