Component: ARM Compiler 5.06 update 2 (build 183) Tool: armlink [4d35b7]

==============================================================================

Section Cross References

    startup_stm32f072.o(RESET) refers to startup_stm32f072.o(STACK) for __initial_sp
    startup_stm32f072.o(RESET) refers to startup_stm32f072.o(.text) for Reset_Handler
    startup_stm32f072.o(RESET) refers to isr.o(i.NMI_Handler) for NMI_Handler
    startup_stm32f072.o(RESET) refers to isr.o(i.HardFault_Handler) for HardFault_Handler
    startup_stm32f072.o(RESET) refers to isr.o(i.SVC_Handler) for SVC_Handler
    startup_stm32f072.o(RESET) refers to isr.o(i.PendSV_Handler) for PendSV_Handler
    startup_stm32f072.o(RESET) refers to isr.o(i.SysTick_Handler) for SysTick_Handler
    startup_stm32f072.o(RESET) refers to isr.o(i.TIM2_IRQHandler) for TIM2_IRQHandler
    startup_stm32f072.o(RESET) refers to isr.o(i.CEC_CAN_IRQHandler) for CEC_CAN_IRQHandler
    startup_stm32f072.o(.text) refers to system_stm32f0xx.o(i.SystemInit) for SystemInit
    startup_stm32f072.o(.text) refers to entry.o(.ARM.Collect$$$$00000000) for __main
    isr.o(i.CEC_CAN_IRQHandler) refers to co_driver.o(i.CO_CANinterrupt_Rx) for CO_CANinterrupt_Rx
    isr.o(i.CEC_CAN_IRQHandler) refers to co_driver.o(i.CO_CANinterrupt_Tx) for CO_CANinterrupt_Tx
    isr.o(i.CEC_CAN_IRQHandler) refers to canopen.o(.data) for CO
    isr.o(i.SysTick_Handler) refers to isr.o(.data) for tick
    isr.o(i.TIM2_IRQHandler) refers to stm32f0xx_tim.o(i.TIM_ClearITPendingBit) for TIM_ClearITPendingBit
    isr.o(i.TIM2_IRQHandler) refers to uidiv.o(.text) for __aeabi_uidivmod
    isr.o(i.TIM2_IRQHandler) refers to application.o(i.program1ms) for program1ms
    isr.o(i.TIM2_IRQHandler) refers to timer.o(.data) for timer1ms
    timer.o(i.vTIMER_InitGeneral) refers to stm32f0xx_rcc.o(i.RCC_AHBPeriphClockCmd) for RCC_AHBPeriphClockCmd
    timer.o(i.vTIMER_InitGeneral) refers to stm32f0xx_tim.o(i.TIM_TimeBaseInit) for TIM_TimeBaseInit
    timer.o(i.vTIMER_InitGeneral) refers to stm32f0xx_tim.o(i.TIM_ITConfig) for TIM_ITConfig
    timer.o(i.vTIMER_InitGeneral) refers to stm32f0xx_tim.o(i.TIM_Cmd) for TIM_Cmd
    timer.o(i.vTIMER_InitGeneral) refers to timer.o(i.NVIC_SetPriority) for NVIC_SetPriority
    timer.o(i.vTIMER_InitRCC) refers to stm32f0xx_rcc.o(i.RCC_APB1PeriphClockCmd) for RCC_APB1PeriphClockCmd
    application.o(i.communicationReset) refers to co_driver.o(i.CanLedsSet) for CanLedsSet
    application.o(i.communicationReset) refers to canopen.o(i.CO_init) for CO_init
    application.o(i.communicationReset) refers to co_emergency.o(i.CO_errorReport) for CO_errorReport
    application.o(i.communicationReset) refers to canopen.o(.data) for CO
    application.o(i.program1ms) refers to canopen.o(i.CO_process_RPDO) for CO_process_RPDO
    application.o(i.program1ms) refers to canopen.o(i.CO_process_TPDO) for CO_process_TPDO
    application.o(i.program1ms) refers to canopen.o(.data) for CO
    application.o(i.programAsync) refers to canopen.o(i.CO_process) for CO_process
    application.o(i.programAsync) refers to co_driver.o(i.CanLedsSet) for CanLedsSet
    application.o(i.programAsync) refers to canopen.o(.data) for CO
    application.o(i.programStart) refers to co_od.o(.data) for CO_OD_RAM
    main.o(i.ClearWDT) refers to stm32f0xx_iwdg.o(i.IWDG_WriteAccessCmd) for IWDG_WriteAccessCmd
    main.o(i.ClearWDT) refers to stm32f0xx_iwdg.o(i.IWDG_ReloadCounter) for IWDG_ReloadCounter
    main.o(i.ClearWDT) refers to stm32f0xx_iwdg.o(i.IWDG_GetFlagStatus) for IWDG_GetFlagStatus
    main.o(i.main) refers to co_driver.o(i.InitCanLeds) for InitCanLeds
    main.o(i.main) refers to timer.o(i.vTIMER_InitRCC) for vTIMER_InitRCC
    main.o(i.main) refers to timer.o(i.vTIMER_InitGeneral) for vTIMER_InitGeneral
    main.o(i.main) refers to application.o(i.programStart) for programStart
    main.o(i.main) refers to application.o(i.communicationReset) for communicationReset
    main.o(i.main) refers to application.o(i.programAsync) for programAsync
    main.o(i.main) refers to co_driver.o(i.CanLedsSet) for CanLedsSet
    main.o(i.main) refers to canopen.o(i.CO_delete) for CO_delete
    main.o(i.main) refers to timer.o(.data) for timer1ms
    main.o(i.main) refers to main.o(.data) for timer1msPrevious
    main.o(i.main) refers to co_od.o(.data) for CO_OD_RAM
    canopen.o(i.CO_ODF_bitRate) refers to co_common.o(i.CO_getUint16) for CO_getUint16
    canopen.o(i.CO_delete) refers to co_driver.o(i.CO_CANmodule_disable) for CO_CANmodule_disable
    canopen.o(i.CO_delete) refers to malloc.o(i.free) for free
    canopen.o(i.CO_delete) refers to canopen.o(.data) for CO
    canopen.o(i.CO_init) refers to malloc.o(i.malloc) for malloc
    canopen.o(i.CO_init) refers to co_driver.o(i.CO_CANmodule_init) for CO_CANmodule_init
    canopen.o(i.CO_init) refers to canopen.o(i.CO_delete) for CO_delete
    canopen.o(i.CO_init) refers to co_sdo.o(i.CO_SDO_init) for CO_SDO_init
[...]
    co_sdo.o(i.CO_SDO_process) refers to co_sdo.o(i.CO_SDO_writeOD) for CO_SDO_writeOD
    co_sdo.o(i.CO_SDO_process) refers to co_driver.o(i.CO_CANsend) for CO_CANsend
    co_sdo.o(i.CO_SDO_process) refers to co_common.o(i.CO_memcpySwap4) for CO_memcpySwap4
    co_sdo.o(i.CO_SDO_process) refers to crc16-ccitt.o(i.crc16_ccitt) for crc16_ccitt
    co_sdo.o(i.CO_SDO_process) refers to idiv.o(.text) for __aeabi_idivmod
    co_sdo.o(i.CO_SDO_process) refers to co_common.o(i.CO_memcpySwap2) for CO_memcpySwap2
    co_sdo.o(i.CO_SDO_process) refers to co_sdo.o(i.CO_OD_getLength) for CO_OD_getLength
    co_sdo.o(i.CO_SDO_readOD) refers to co_sdo.o(i.__set_PRIMASK) for __set_PRIMASK
    co_sdo.o(i.CO_SDO_writeOD) refers to co_sdo.o(i.__set_PRIMASK) for __set_PRIMASK
    co_sdomaster.o(i.CO_SDOclientDownload) refers to co_sdo.o(i.CO_SDO_initTransfer) for CO_SDO_initTransfer
    co_sdomaster.o(i.CO_SDOclientDownload) refers to co_sdo.o(i.CO_SDO_writeOD) for CO_SDO_writeOD
    co_sdomaster.o(i.CO_SDOclientDownload) refers to co_common.o(i.CO_memcpySwap4) for CO_memcpySwap4
    co_sdomaster.o(i.CO_SDOclientDownload) refers to co_sdomaster.o(i.CO_SDOclient_abort) for CO_SDOclient_abort
    co_sdomaster.o(i.CO_SDOclientDownload) refers to co_sdomaster.o(i.CO_SDObufferClear) for CO_SDObufferClear
    co_sdomaster.o(i.CO_SDOclientDownload) refers to co_driver.o(i.CO_CANsend) for CO_CANsend
    co_sdomaster.o(i.CO_SDOclientDownload) refers to crc16-ccitt.o(i.crc16_ccitt) for crc16_ccitt
    co_sdomaster.o(i.CO_SDOclientDownloadInitiate) refers to co_sdomaster.o(i.CO_SDObufferClear) for CO_SDObufferClear
    co_sdomaster.o(i.CO_SDOclientDownloadInitiate) refers to co_common.o(i.CO_memcpySwap4) for CO_memcpySwap4
    co_sdomaster.o(i.CO_SDOclientDownloadInitiate) refers to co_driver.o(i.CO_CANsend) for CO_CANsend
    co_sdomaster.o(i.CO_SDOclientUpload) refers to co_sdo.o(i.CO_SDO_initTransfer) for CO_SDO_initTransfer
    co_sdomaster.o(i.CO_SDOclientUpload) refers to co_sdo.o(i.CO_SDO_readOD) for CO_SDO_readOD
    co_sdomaster.o(i.CO_SDOclientUpload) refers to co_common.o(i.CO_memcpySwap4) for CO_memcpySwap4
    co_sdomaster.o(i.CO_SDOclientUpload) refers to co_common.o(i.CO_memcpySwap2) for CO_memcpySwap2
    co_sdomaster.o(i.CO_SDOclientUpload) refers to crc16-ccitt.o(i.crc16_ccitt) for crc16_ccitt
    co_sdomaster.o(i.CO_SDOclientUpload) refers to co_sdomaster.o(i.CO_SDOclient_abort) for CO_SDOclient_abort
    co_sdomaster.o(i.CO_SDOclientUpload) refers to co_sdomaster.o(i.CO_SDObufferClear) for CO_SDObufferClear
    co_sdomaster.o(i.CO_SDOclientUpload) refers to co_driver.o(i.CO_CANsend) for CO_CANsend
    co_sdomaster.o(i.CO_SDOclientUpload) refers to uidiv.o(.text) for __aeabi_uidivmod
    co_sdomaster.o(i.CO_SDOclientUploadInitiate) refers to co_sdomaster.o(i.CO_SDObufferClear) for CO_SDObufferClear
    co_sdomaster.o(i.CO_SDOclientUploadInitiate) refers to co_driver.o(i.CO_CANsend) for CO_CANsend
    co_sdomaster.o(i.CO_SDOclient_abort) refers to co_common.o(i.CO_memcpySwap4) for CO_memcpySwap4
    co_sdomaster.o(i.CO_SDOclient_abort) refers to co_driver.o(i.CO_CANsend) for CO_CANsend
    co_sdomaster.o(i.CO_SDOclient_init) refers to co_sdomaster.o(i.CO_SDOclient_setup) for CO_SDOclient_setup
    co_sdomaster.o(i.CO_SDOclient_setup) refers to co_driver.o(i.CO_CANrxBufferInit) for CO_CANrxBufferInit
    co_sdomaster.o(i.CO_SDOclient_setup) refers to co_driver.o(i.CO_CANtxBufferInit) for CO_CANtxBufferInit
    co_sdomaster.o(i.CO_SDOclient_setup) refers to co_sdomaster.o(i.CO_SDOclient_receive) for CO_SDOclient_receive
    co_sync.o(i.CO_ODF_1005) refers to co_common.o(i.CO_getUint32) for CO_getUint32
    co_sync.o(i.CO_ODF_1005) refers to co_driver.o(i.CO_CANtxBufferInit) for CO_CANtxBufferInit
    co_sync.o(i.CO_ODF_1005) refers to co_driver.o(i.CO_CANrxBufferInit) for CO_CANrxBufferInit
    co_sync.o(i.CO_ODF_1005) refers to co_sync.o(i.CO_SYNC_receive) for CO_SYNC_receive
    co_sync.o(i.CO_ODF_1006) refers to co_common.o(i.CO_getUint32) for CO_getUint32
    co_sync.o(i.CO_ODF_1019) refers to co_driver.o(i.CO_CANtxBufferInit) for CO_CANtxBufferInit
    co_sync.o(i.CO_SYNC_init) refers to co_sdo.o(i.CO_OD_configure) for CO_OD_configure
    co_sync.o(i.CO_SYNC_init) refers to co_driver.o(i.CO_CANrxBufferInit) for CO_CANrxBufferInit
    co_sync.o(i.CO_SYNC_init) refers to co_driver.o(i.CO_CANtxBufferInit) for CO_CANtxBufferInit
    co_sync.o(i.CO_SYNC_init) refers to co_sync.o(i.CO_ODF_1005) for CO_ODF_1005
    co_sync.o(i.CO_SYNC_init) refers to co_sync.o(i.CO_ODF_1006) for CO_ODF_1006
    co_sync.o(i.CO_SYNC_init) refers to co_sync.o(i.CO_ODF_1019) for CO_ODF_1019
    co_sync.o(i.CO_SYNC_init) refers to co_sync.o(i.CO_SYNC_receive) for CO_SYNC_receive
    co_sync.o(i.CO_SYNC_process) refers to co_driver.o(i.CO_CANsend) for CO_CANsend
    co_sync.o(i.CO_SYNC_process) refers to co_emergency.o(i.CO_errorReport) for CO_errorReport
    crc16-ccitt.o(i.crc16_ccitt) refers to crc16-ccitt.o(.constdata) for crc16_ccitt_table
    stm32f0xx_can.o(i.CAN_DeInit) refers to stm32f0xx_rcc.o(i.RCC_APB1PeriphResetCmd) for RCC_APB1PeriphResetCmd
    stm32f0xx_can.o(i.CAN_GetITStatus) refers to stm32f0xx_can.o(i.CheckITStatus) for CheckITStatus
    stm32f0xx_gpio.o(i.GPIO_DeInit) refers to stm32f0xx_rcc.o(i.RCC_AHBPeriphResetCmd) for RCC_AHBPeriphResetCmd
    stm32f0xx_rcc.o(i.RCC_GetClocksFreq) refers to uidiv.o(.text) for __aeabi_uidivmod
    stm32f0xx_rcc.o(i.RCC_GetClocksFreq) refers to stm32f0xx_rcc.o(.data) for APBAHBPrescTable
    stm32f0xx_rcc.o(i.RCC_WaitForHSEStartUp) refers to stm32f0xx_rcc.o(i.RCC_GetFlagStatus) for RCC_GetFlagStatus
    stm32f0xx_tim.o(i.TIM_DeInit) refers to stm32f0xx_rcc.o(i.RCC_APB2PeriphResetCmd) for RCC_APB2PeriphResetCmd
    stm32f0xx_tim.o(i.TIM_DeInit) refers to stm32f0xx_rcc.o(i.RCC_APB1PeriphResetCmd) for RCC_APB1PeriphResetCmd
    stm32f0xx_tim.o(i.TIM_ETRClockMode1Config) refers to stm32f0xx_tim.o(i.TIM_ETRConfig) for TIM_ETRConfig
    stm32f0xx_tim.o(i.TIM_ETRClockMode2Config) refers to stm32f0xx_tim.o(i.TIM_ETRConfig) for TIM_ETRConfig
    stm32f0xx_tim.o(i.TIM_ICInit) refers to stm32f0xx_tim.o(i.TI1_Config) for TI1_Config
    stm32f0xx_tim.o(i.TIM_ICInit) refers to stm32f0xx_tim.o(i.TIM_SetIC1Prescaler) for TIM_SetIC1Prescaler
    stm32f0xx_tim.o(i.TIM_ICInit) refers to stm32f0xx_tim.o(i.TI2_Config) for TI2_Config
    stm32f0xx_tim.o(i.TIM_ICInit) refers to stm32f0xx_tim.o(i.TIM_SetIC2Prescaler) for TIM_SetIC2Prescaler
    stm32f0xx_tim.o(i.TIM_ICInit) refers to stm32f0xx_tim.o(i.TI3_Config) for TI3_Config
    stm32f0xx_tim.o(i.TIM_ICInit) refers to stm32f0xx_tim.o(i.TIM_SetIC3Prescaler) for TIM_SetIC3Prescaler
    stm32f0xx_tim.o(i.TIM_ICInit) refers to stm32f0xx_tim.o(i.TI4_Config) for TI4_Config
    stm32f0xx_tim.o(i.TIM_ICInit) refers to stm32f0xx_tim.o(i.TIM_SetIC4Prescaler) for TIM_SetIC4Prescaler
    stm32f0xx_tim.o(i.TIM_ITRxExternalClockConfig) refers to stm32f0xx_tim.o(i.TIM_SelectInputTrigger) for TIM_SelectInputTrigger
    stm32f0xx_tim.o(i.TIM_PWMIConfig) refers to stm32f0xx_tim.o(i.TI1_Config) for TI1_Config
    stm32f0xx_tim.o(i.TIM_PWMIConfig) refers to stm32f0xx_tim.o(i.TIM_SetIC1Prescaler) for TIM_SetIC1Prescaler
    stm32f0xx_tim.o(i.TIM_PWMIConfig) refers to stm32f0xx_tim.o(i.TI2_Config) for TI2_Config
    stm32f0xx_tim.o(i.TIM_PWMIConfig) refers to stm32f0xx_tim.o(i.TIM_SetIC2Prescaler) for TIM_SetIC2Prescaler
    stm32f0xx_tim.o(i.TIM_TIxExternalClockConfig) refers to stm32f0xx_tim.o(i.TI2_Config) for TI2_Config
    stm32f0xx_tim.o(i.TIM_TIxExternalClockConfig) refers to stm32f0xx_tim.o(i.TI1_Config) for TI1_Config
    stm32f0xx_tim.o(i.TIM_TIxExternalClockConfig) refers to stm32f0xx_tim.o(i.TIM_SelectInputTrigger) for TIM_SelectInputTrigger
    system_stm32f0xx.o(i.SystemCoreClockUpdate) refers to uidiv.o(.text) for __aeabi_uidivmod
    system_stm32f0xx.o(i.SystemCoreClockUpdate) refers to system_stm32f0xx.o(.data) for SystemCoreClock
    system_stm32f0xx.o(i.SystemCoreClockUpdate) refers to system_stm32f0xx.o(.constdata) for AHBPrescTable
    entry.o(.ARM.Collect$$$$00000000) refers (Special) to entry10a.o(.ARM.Collect$$$$0000000D) for __rt_final_cpp
    entry.o(.ARM.Collect$$$$00000000) refers (Special) to entry11a.o(.ARM.Collect$$$$0000000F) for __rt_final_exit
    entry.o(.ARM.Collect$$$$00000000) refers (Special) to entry7b.o(.ARM.Collect$$$$00000008) for _main_clock
    entry.o(.ARM.Collect$$$$00000000) refers (Special) to entry8b.o(.ARM.Collect$$$$0000000A) for _main_cpp_init
    entry.o(.ARM.Collect$$$$00000000) refers (Special) to entry9a.o(.ARM.Collect$$$$0000000B) for _main_init
    entry.o(.ARM.Collect$$$$00000000) refers (Special) to entry5.o(.ARM.Collect$$$$00000004) for _main_scatterload
    entry.o(.ARM.Collect$$$$00000000) refers (Special) to entry2.o(.ARM.Collect$$$$00000001) for _main_stk
    idiv.o(.text) refers to uidiv.o(.text) for __aeabi_uidivmod
    malloc.o(i.free) refers to mvars.o(.data) for __microlib_freelist
    malloc.o(i.malloc) refers to mvars.o(.data) for __microlib_freelist_initialised
    malloc.o(i.malloc) refers to mvars.o(.data) for __microlib_freelist
    malloc.o(i.malloc) refers to startup_stm32f072.o(HEAP) for __heap_base
    mallocr.o(i.__free$realloc) refers to mvars.o(.data) for __microlib_freelist
    mallocr.o(i.__malloc$realloc) refers to mallocr.o(i.internal_alloc) for internal_alloc
    mallocr.o(i.__malloc$realloc) refers to mvars.o(.data) for __microlib_freelist_initialised
    mallocr.o(i.__malloc$realloc) refers to startup_stm32f072.o(HEAP) for __heap_base
    mallocr.o(i.__malloc$realloc) refers to mvars.o(.data) for __microlib_freelist
    mallocr.o(i.internal_alloc) refers to memcpya.o(.text) for __aeabi_memcpy
    mallocr.o(i.internal_alloc) refers to mvars.o(.data) for __microlib_freelist
    mallocr.o(i.realloc) refers to mallocr.o(i.__free$realloc) for __free$realloc
    mallocr.o(i.realloc) refers to mallocr.o(i.internal_alloc) for internal_alloc
    mallocr.o(i.realloc) refers to mallocr.o(i.__malloc$realloc) for __malloc$realloc
    mallocr.o(i.realloc) refers to mvars.o(.data) for __microlib_freelist
    malloca.o(i.__aligned_malloc) refers to mvars.o(.data) for __microlib_freelist
    malloca.o(i.__aligned_malloc) refers to mvars.o(.data) for __microlib_freelist_initialised
    malloca.o(i.__aligned_malloc) refers to startup_stm32f072.o(HEAP) for __heap_base
    malloca.o(i.__free$memalign) refers to mvars.o(.data) for __microlib_freelist
    malloca.o(i.__malloc$memalign) refers to malloca.o(i.__aligned_malloc) for __aligned_malloc
    mallocra.o(i.__aligned_malloc$realloc) refers to mallocra.o(i.internal_alloc) for internal_alloc
    mallocra.o(i.__aligned_malloc$realloc) refers to startup_stm32f072.o(HEAP) for __heap_base
    mallocra.o(i.__aligned_malloc$realloc) refers to mvars.o(.data) for __microlib_freelist
    mallocra.o(i.__aligned_malloc$realloc) refers to mvars.o(.data) for __microlib_freelist_initialised
    mallocra.o(i.__free$realloc$memalign) refers to mvars.o(.data) for __microlib_freelist
    mallocra.o(i.__malloc$realloc$memalign) refers to mallocra.o(i.__aligned_malloc$realloc) for __aligned_malloc$realloc
    mallocra.o(i.__realloc$memalign) refers to mallocra.o(i.__free$realloc$memalign) for __free$realloc$memalign
    mallocra.o(i.__realloc$memalign) refers to mallocra.o(i.internal_alloc) for internal_alloc
    mallocra.o(i.__realloc$memalign) refers to mallocra.o(i.__malloc$realloc$memalign) for __malloc$realloc$memalign
    mallocra.o(i.__realloc$memalign) refers to mvars.o(.data) for __microlib_freelist
    mallocra.o(i.internal_alloc) refers to memcpya.o(.text) for __aeabi_memcpy
    mallocra.o(i.internal_alloc) refers to mvars.o(.data) for __microlib_freelist
    entry2.o(.ARM.Collect$$$$00000001) refers to entry2.o(.ARM.Collect$$$$00002712) for __lit__00000000
    entry2.o(.ARM.Collect$$$$00002712) refers to startup_stm32f072.o(STACK) for __initial_sp
    entry2.o(__vectab_stack_and_reset_area) refers to startup_stm32f072.o(STACK) for __initial_sp
    entry2.o(__vectab_stack_and_reset_area) refers to entry.o(.ARM.Collect$$$$00000000) for __main
    entry5.o(.ARM.Collect$$$$00000004) refers to init.o(.text) for __scatterload
    entry9a.o(.ARM.Collect$$$$0000000B) refers to main.o(i.main) for main
    entry9b.o(.ARM.Collect$$$$0000000C) refers to main.o(i.main) for main
    init.o(.text) refers to entry5.o(.ARM.Collect$$$$00000004) for __main_after_scatterload


==============================================================================

Removing Unused input sections from the image.

    Removing isr.o(.rev16_text), (4 bytes).
    Removing isr.o(.revsh_text), (4 bytes).
    Removing isr.o(i.BusFault_Handler), (4 bytes).
    Removing isr.o(i.DebugMon_Handler), (2 bytes).
    Removing isr.o(i.MemManage_Handler), (4 bytes).
    Removing isr.o(i.USB_LP_IRQHandler), (2 bytes).
    Removing isr.o(i.UsageFault_Handler), (4 bytes).
    Removing timer.o(.rev16_text), (4 bytes).
    Removing timer.o(.revsh_text), (4 bytes).
    Removing application.o(.rev16_text), (4 bytes).
    Removing application.o(.revsh_text), (4 bytes).
    Removing application.o(i.programEnd), (2 bytes).
    Removing main.o(.rev16_text), (4 bytes).
    Removing main.o(.revsh_text), (4 bytes).
    Removing main.o(i.ClearWDT), (36 bytes).
    Removing led.o(.rev16_text), (4 bytes).
    Removing led.o(.revsh_text), (4 bytes).
    Removing led.o(i.vLED_InitRCC), (2 bytes).
    Removing led.o(i.vLED_OffPB14Led), (18 bytes).
    Removing led.o(i.vLED_OffPB15Led), (18 bytes).
    Removing led.o(i.vLED_OnPB15Led), (18 bytes).
    Removing canopen.o(.rev16_text), (4 bytes).
    Removing canopen.o(.revsh_text), (4 bytes).
    Removing co_common.o(.rev16_text), (4 bytes).
    Removing co_common.o(.revsh_text), (4 bytes).
    Removing co_common.o(i.CO_setUint16), (18 bytes).
    Removing co_driver.o(.rev16_text), (4 bytes).
    Removing co_driver.o(.revsh_text), (4 bytes).
    Removing co_driver.o(i.CO_CANinterrupt_Status), (2 bytes).
    Removing co_emergency.o(.rev16_text), (4 bytes).
    Removing co_emergency.o(.revsh_text), (4 bytes).
    Removing co_hbconsumer.o(.rev16_text), (4 bytes).
    Removing co_hbconsumer.o(.revsh_text), (4 bytes).
    Removing co_nmt_heartbeat.o(.rev16_text), (4 bytes).
    Removing co_nmt_heartbeat.o(.revsh_text), (4 bytes).
    Removing co_od.o(.rev16_text), (4 bytes).
    Removing co_od.o(.revsh_text), (4 bytes).
    Removing co_pdo.o(.rev16_text), (4 bytes).
    Removing co_pdo.o(.revsh_text), (4 bytes).
    Removing co_sdo.o(.rev16_text), (4 bytes).
    Removing co_sdo.o(.revsh_text), (4 bytes).
    Removing co_sdomaster.o(.rev16_text), (4 bytes).
    Removing co_sdomaster.o(.revsh_text), (4 bytes).
    Removing co_sdomaster.o(i.CO_SDObufferClear), (28 bytes).
    Removing co_sdomaster.o(i.CO_SDOclientDownload), (1044 bytes).
    Removing co_sdomaster.o(i.CO_SDOclientDownloadInitiate), (250 bytes).
    Removing co_sdomaster.o(i.CO_SDOclientUpload), (1556 bytes).
    Removing co_sdomaster.o(i.CO_SDOclientUploadInitiate), (192 bytes).
    Removing co_sdomaster.o(i.CO_SDOclient_abort), (62 bytes).
    Removing co_sdomaster.o(i.CO_SDOclient_init), (80 bytes).
    Removing co_sdomaster.o(i.CO_SDOclient_receive), (86 bytes).
    Removing co_sdomaster.o(i.CO_SDOclient_setup), (192 bytes).
    Removing co_sync.o(.rev16_text), (4 bytes).
    Removing co_sync.o(.revsh_text), (4 bytes).
    Removing stm32f0xx_can.o(.rev16_text), (4 bytes).
    Removing stm32f0xx_can.o(.revsh_text), (4 bytes).
    Removing stm32f0xx_can.o(i.CAN_CancelTransmit), (54 bytes).
    Removing stm32f0xx_can.o(i.CAN_ClearFlag), (68 bytes).
    Removing stm32f0xx_can.o(i.CAN_ClearITPendingBit), (188 bytes).
    Removing stm32f0xx_can.o(i.CAN_DBGFreeze), (28 bytes).
    Removing stm32f0xx_can.o(i.CAN_FIFORelease), (24 bytes).
    Removing stm32f0xx_can.o(i.CAN_GetFlagStatus), (146 bytes).
    Removing stm32f0xx_can.o(i.CAN_GetITStatus), (312 bytes).
    Removing stm32f0xx_can.o(i.CAN_GetLSBTransmitErrorCounter), (16 bytes).
    Removing stm32f0xx_can.o(i.CAN_GetLastErrorCode), (14 bytes).
    Removing stm32f0xx_can.o(i.CAN_GetReceiveErrorCounter), (10 bytes).
    Removing stm32f0xx_can.o(i.CAN_MessagePending), (32 bytes).
    Removing stm32f0xx_can.o(i.CAN_OperatingModeRequest), (172 bytes).
    Removing stm32f0xx_can.o(i.CAN_SlaveStartBank), (56 bytes).
    Removing stm32f0xx_can.o(i.CAN_Sleep), (30 bytes).
    Removing stm32f0xx_can.o(i.CAN_TTComModeCmd), (128 bytes).
    Removing stm32f0xx_can.o(i.CAN_TransmitStatus), (176 bytes).
    Removing stm32f0xx_can.o(i.CAN_WakeUp), (52 bytes).
    Removing stm32f0xx_can.o(i.CheckITStatus), (20 bytes).
    Removing stm32f0xx_exti.o(.rev16_text), (4 bytes).
    Removing stm32f0xx_exti.o(.revsh_text), (4 bytes).
    Removing stm32f0xx_exti.o(i.EXTI_ClearFlag), (12 bytes).
    Removing stm32f0xx_exti.o(i.EXTI_ClearITPendingBit), (12 bytes).
    Removing stm32f0xx_exti.o(i.EXTI_DeInit), (32 bytes).
    Removing stm32f0xx_exti.o(i.EXTI_GenerateSWInterrupt), (16 bytes).
    Removing stm32f0xx_exti.o(i.EXTI_GetFlagStatus), (28 bytes).
    Removing stm32f0xx_exti.o(i.EXTI_GetITStatus), (28 bytes).
    Removing stm32f0xx_exti.o(i.EXTI_Init), (136 bytes).
    Removing stm32f0xx_exti.o(i.EXTI_StructInit), (16 bytes).
    Removing stm32f0xx_gpio.o(.rev16_text), (4 bytes).
    Removing stm32f0xx_gpio.o(.revsh_text), (4 bytes).
    Removing stm32f0xx_gpio.o(i.GPIO_DeInit), (176 bytes).
    Removing stm32f0xx_gpio.o(i.GPIO_PinLockConfig), (34 bytes).
    Removing stm32f0xx_gpio.o(i.GPIO_ReadInputData), (6 bytes).
    Removing stm32f0xx_gpio.o(i.GPIO_ReadInputDataBit), (20 bytes).
    Removing stm32f0xx_gpio.o(i.GPIO_ReadOutputData), (6 bytes).
    Removing stm32f0xx_gpio.o(i.GPIO_ReadOutputDataBit), (20 bytes).
    Removing stm32f0xx_gpio.o(i.GPIO_ResetBits), (4 bytes).
    Removing stm32f0xx_gpio.o(i.GPIO_SetBits), (4 bytes).
    Removing stm32f0xx_gpio.o(i.GPIO_StructInit), (24 bytes).
    Removing stm32f0xx_gpio.o(i.GPIO_Write), (4 bytes).
    Removing stm32f0xx_gpio.o(i.GPIO_WriteBit), (12 bytes).
    Removing stm32f0xx_misc.o(.rev16_text), (4 bytes).
    Removing stm32f0xx_misc.o(.revsh_text), (4 bytes).
    Removing stm32f0xx_misc.o(i.NVIC_SystemLPConfig), (32 bytes).
    Removing stm32f0xx_misc.o(i.SysTick_CLKSourceConfig), (36 bytes).
    Removing stm32f0xx_rcc.o(.rev16_text), (4 bytes).
    Removing stm32f0xx_rcc.o(.revsh_text), (4 bytes).
    Removing stm32f0xx_rcc.o(i.RCC_ADCCLKConfig), (56 bytes).
    Removing stm32f0xx_rcc.o(i.RCC_AHBPeriphResetCmd), (32 bytes).
    Removing stm32f0xx_rcc.o(i.RCC_APB2PeriphClockCmd), (32 bytes).
    Removing stm32f0xx_rcc.o(i.RCC_APB2PeriphResetCmd), (32 bytes).
    Removing stm32f0xx_rcc.o(i.RCC_AdjustHSI14CalibrationValue), (32 bytes).
    Removing stm32f0xx_rcc.o(i.RCC_AdjustHSICalibrationValue), (32 bytes).
    Removing stm32f0xx_rcc.o(i.RCC_BackupResetCmd), (40 bytes).
    Removing stm32f0xx_rcc.o(i.RCC_CECCLKConfig), (28 bytes).
    Removing stm32f0xx_rcc.o(i.RCC_ClearFlag), (20 bytes).
    Removing stm32f0xx_rcc.o(i.RCC_ClearITPendingBit), (12 bytes).
    Removing stm32f0xx_rcc.o(i.RCC_ClockSecuritySystemCmd), (40 bytes).
    Removing stm32f0xx_rcc.o(i.RCC_DeInit), (116 bytes).
    Removing stm32f0xx_rcc.o(i.RCC_GetClocksFreq), (496 bytes).
    Removing stm32f0xx_rcc.o(i.RCC_GetFlagStatus), (72 bytes).
    Removing stm32f0xx_rcc.o(i.RCC_GetITStatus), (28 bytes).
    Removing stm32f0xx_rcc.o(i.RCC_GetSYSCLKSource), (16 bytes).
    Removing stm32f0xx_rcc.o(i.RCC_HCLKConfig), (32 bytes).
    Removing stm32f0xx_rcc.o(i.RCC_HSEConfig), (16 bytes).
    Removing stm32f0xx_rcc.o(i.RCC_HSI14ADCRequestCmd), (36 bytes).
    Removing stm32f0xx_rcc.o(i.RCC_HSI14Cmd), (36 bytes).
    Removing stm32f0xx_rcc.o(i.RCC_HSI48Cmd), (40 bytes).
    Removing stm32f0xx_rcc.o(i.RCC_HSICmd), (36 bytes).
    Removing stm32f0xx_rcc.o(i.RCC_I2CCLKConfig), (28 bytes).
    Removing stm32f0xx_rcc.o(i.RCC_ITConfig), (32 bytes).
    Removing stm32f0xx_rcc.o(i.RCC_LSEConfig), (40 bytes).
    Removing stm32f0xx_rcc.o(i.RCC_LSEDriveConfig), (28 bytes).
    Removing stm32f0xx_rcc.o(i.RCC_LSICmd), (36 bytes).
    Removing stm32f0xx_rcc.o(i.RCC_MCOConfig), (28 bytes).
    Removing stm32f0xx_rcc.o(i.RCC_PCLKConfig), (36 bytes).
    Removing stm32f0xx_rcc.o(i.RCC_PLLCmd), (40 bytes).
    Removing stm32f0xx_rcc.o(i.RCC_PLLConfig), (36 bytes).
    Removing stm32f0xx_rcc.o(i.RCC_PREDIV1Config), (28 bytes).
    Removing stm32f0xx_rcc.o(i.RCC_RTCCLKCmd), (40 bytes).
    Removing stm32f0xx_rcc.o(i.RCC_RTCCLKConfig), (16 bytes).
    Removing stm32f0xx_rcc.o(i.RCC_SYSCLKConfig), (28 bytes).
    Removing stm32f0xx_rcc.o(i.RCC_USARTCLKConfig), (52 bytes).
    Removing stm32f0xx_rcc.o(i.RCC_USBCLKConfig), (28 bytes).
    Removing stm32f0xx_rcc.o(i.RCC_WaitForHSEStartUp), (60 bytes).
    Removing stm32f0xx_rcc.o(.data), (16 bytes).
    Removing stm32f0xx_iwdg.o(.rev16_text), (4 bytes).
    Removing stm32f0xx_iwdg.o(.revsh_text), (4 bytes).
    Removing stm32f0xx_iwdg.o(i.IWDG_Enable), (16 bytes).
    Removing stm32f0xx_iwdg.o(i.IWDG_GetFlagStatus), (28 bytes).
    Removing stm32f0xx_iwdg.o(i.IWDG_ReloadCounter), (16 bytes).
    Removing stm32f0xx_iwdg.o(i.IWDG_SetPrescaler), (12 bytes).
    Removing stm32f0xx_iwdg.o(i.IWDG_SetReload), (12 bytes).
    Removing stm32f0xx_iwdg.o(i.IWDG_SetWindowValue), (12 bytes).
    Removing stm32f0xx_iwdg.o(i.IWDG_WriteAccessCmd), (12 bytes).
    Removing stm32f0xx_tim.o(.rev16_text), (4 bytes).
    Removing stm32f0xx_tim.o(.revsh_text), (4 bytes).
    Removing stm32f0xx_tim.o(i.TI1_Config), (56 bytes).
    Removing stm32f0xx_tim.o(i.TI2_Config), (76 bytes).
    Removing stm32f0xx_tim.o(i.TI3_Config), (72 bytes).
    Removing stm32f0xx_tim.o(i.TI4_Config), (80 bytes).
    Removing stm32f0xx_tim.o(i.TIM_ARRPreloadConfig), (28 bytes).
    Removing stm32f0xx_tim.o(i.TIM_BDTRConfig), (32 bytes).
    Removing stm32f0xx_tim.o(i.TIM_BDTRStructInit), (18 bytes).
    Removing stm32f0xx_tim.o(i.TIM_CCPreloadControl), (28 bytes).
    Removing stm32f0xx_tim.o(i.TIM_CCxCmd), (30 bytes).
    Removing stm32f0xx_tim.o(i.TIM_CCxNCmd), (30 bytes).
    Removing stm32f0xx_tim.o(i.TIM_ClearFlag), (6 bytes).
    Removing stm32f0xx_tim.o(i.TIM_ClearOC1Ref), (24 bytes).
    Removing stm32f0xx_tim.o(i.TIM_ClearOC2Ref), (20 bytes).
    Removing stm32f0xx_tim.o(i.TIM_ClearOC3Ref), (24 bytes).
    Removing stm32f0xx_tim.o(i.TIM_ClearOC4Ref), (20 bytes).
    Removing stm32f0xx_tim.o(i.TIM_CounterModeConfig), (24 bytes).
    Removing stm32f0xx_tim.o(i.TIM_CtrlPWMOutputs), (34 bytes).
    Removing stm32f0xx_tim.o(i.TIM_DMACmd), (20 bytes).
    Removing stm32f0xx_tim.o(i.TIM_DMAConfig), (12 bytes).
    Removing stm32f0xx_tim.o(i.TIM_DeInit), (232 bytes).
    Removing stm32f0xx_tim.o(i.TIM_ETRClockMode1Config), (52 bytes).
    Removing stm32f0xx_tim.o(i.TIM_ETRClockMode2Config), (34 bytes).
    Removing stm32f0xx_tim.o(i.TIM_ETRConfig), (24 bytes).
    Removing stm32f0xx_tim.o(i.TIM_EncoderInterfaceConfig), (68 bytes).
    Removing stm32f0xx_tim.o(i.TIM_ForcedOC1Config), (24 bytes).
    Removing stm32f0xx_tim.o(i.TIM_ForcedOC2Config), (24 bytes).
    Removing stm32f0xx_tim.o(i.TIM_ForcedOC3Config), (24 bytes).
    Removing stm32f0xx_tim.o(i.TIM_ForcedOC4Config), (24 bytes).
    Removing stm32f0xx_tim.o(i.TIM_GenerateEvent), (4 bytes).
    Removing stm32f0xx_tim.o(i.TIM_GetCapture1), (6 bytes).
    Removing stm32f0xx_tim.o(i.TIM_GetCapture2), (6 bytes).
    Removing stm32f0xx_tim.o(i.TIM_GetCapture3), (6 bytes).
    Removing stm32f0xx_tim.o(i.TIM_GetCapture4), (6 bytes).
    Removing stm32f0xx_tim.o(i.TIM_GetCounter), (6 bytes).
    Removing stm32f0xx_tim.o(i.TIM_GetFlagStatus), (20 bytes).
    Removing stm32f0xx_tim.o(i.TIM_GetITStatus), (38 bytes).
    Removing stm32f0xx_tim.o(i.TIM_GetPrescaler), (6 bytes).
    Removing stm32f0xx_tim.o(i.TIM_ICInit), (112 bytes).
    Removing stm32f0xx_tim.o(i.TIM_ICStructInit), (18 bytes).
    Removing stm32f0xx_tim.o(i.TIM_ITRxExternalClockConfig), (24 bytes).
    Removing stm32f0xx_tim.o(i.TIM_InternalClockConfig), (16 bytes).
    Removing stm32f0xx_tim.o(i.TIM_OC1FastConfig), (24 bytes).
    Removing stm32f0xx_tim.o(i.TIM_OC1Init), (148 bytes).
    Removing stm32f0xx_tim.o(i.TIM_OC1NPolarityConfig), (24 bytes).
    Removing stm32f0xx_tim.o(i.TIM_OC1PolarityConfig), (24 bytes).
    Removing stm32f0xx_tim.o(i.TIM_OC1PreloadConfig), (24 bytes).
    Removing stm32f0xx_tim.o(i.TIM_OC2FastConfig), (24 bytes).
    Removing stm32f0xx_tim.o(i.TIM_OC2Init), (156 bytes).
    Removing stm32f0xx_tim.o(i.TIM_OC2NPolarityConfig), (24 bytes).
    Removing stm32f0xx_tim.o(i.TIM_OC2PolarityConfig), (24 bytes).
    Removing stm32f0xx_tim.o(i.TIM_OC2PreloadConfig), (24 bytes).
    Removing stm32f0xx_tim.o(i.TIM_OC3FastConfig), (24 bytes).
    Removing stm32f0xx_tim.o(i.TIM_OC3Init), (152 bytes).
    Removing stm32f0xx_tim.o(i.TIM_OC3NPolarityConfig), (24 bytes).
    Removing stm32f0xx_tim.o(i.TIM_OC3PolarityConfig), (24 bytes).
    Removing stm32f0xx_tim.o(i.TIM_OC3PreloadConfig), (24 bytes).
    Removing stm32f0xx_tim.o(i.TIM_OC4FastConfig), (24 bytes).
    Removing stm32f0xx_tim.o(i.TIM_OC4Init), (112 bytes).
    Removing stm32f0xx_tim.o(i.TIM_OC4PolarityConfig), (24 bytes).
    Removing stm32f0xx_tim.o(i.TIM_OC4PreloadConfig), (24 bytes).
    Removing stm32f0xx_tim.o(i.TIM_OCStructInit), (20 bytes).
    Removing stm32f0xx_tim.o(i.TIM_PWMIConfig), (124 bytes).
    Removing stm32f0xx_tim.o(i.TIM_PrescalerConfig), (6 bytes).
    Removing stm32f0xx_tim.o(i.TIM_RemapConfig), (6 bytes).
    Removing stm32f0xx_tim.o(i.TIM_SelectCCDMA), (28 bytes).
    Removing stm32f0xx_tim.o(i.TIM_SelectCOM), (28 bytes).
    Removing stm32f0xx_tim.o(i.TIM_SelectHallSensor), (28 bytes).
    Removing stm32f0xx_tim.o(i.TIM_SelectInputTrigger), (24 bytes).
    Removing stm32f0xx_tim.o(i.TIM_SelectMasterSlaveMode), (20 bytes).
    Removing stm32f0xx_tim.o(i.TIM_SelectOCREFClear), (20 bytes).
    Removing stm32f0xx_tim.o(i.TIM_SelectOCxM), (82 bytes).
    Removing stm32f0xx_tim.o(i.TIM_SelectOnePulseMode), (20 bytes).
    Removing stm32f0xx_tim.o(i.TIM_SelectOutputTrigger), (20 bytes).
    Removing stm32f0xx_tim.o(i.TIM_SelectSlaveMode), (20 bytes).
    Removing stm32f0xx_tim.o(i.TIM_SetAutoreload), (4 bytes).
    Removing stm32f0xx_tim.o(i.TIM_SetClockDivision), (20 bytes).
    Removing stm32f0xx_tim.o(i.TIM_SetCompare1), (4 bytes).
    Removing stm32f0xx_tim.o(i.TIM_SetCompare2), (4 bytes).
    Removing stm32f0xx_tim.o(i.TIM_SetCompare3), (4 bytes).
    Removing stm32f0xx_tim.o(i.TIM_SetCompare4), (4 bytes).
    Removing stm32f0xx_tim.o(i.TIM_SetCounter), (4 bytes).
    Removing stm32f0xx_tim.o(i.TIM_SetIC1Prescaler), (20 bytes).
    Removing stm32f0xx_tim.o(i.TIM_SetIC2Prescaler), (24 bytes).
    Removing stm32f0xx_tim.o(i.TIM_SetIC3Prescaler), (20 bytes).
    Removing stm32f0xx_tim.o(i.TIM_SetIC4Prescaler), (24 bytes).
    Removing stm32f0xx_tim.o(i.TIM_TIxExternalClockConfig), (58 bytes).
    Removing stm32f0xx_tim.o(i.TIM_TimeBaseStructInit), (18 bytes).
    Removing stm32f0xx_tim.o(i.TIM_UpdateDisableConfig), (28 bytes).
    Removing stm32f0xx_tim.o(i.TIM_UpdateRequestConfig), (28 bytes).
    Removing system_stm32f0xx.o(.rev16_text), (4 bytes).
    Removing system_stm32f0xx.o(.revsh_text), (4 bytes).
    Removing system_stm32f0xx.o(i.SystemCoreClockUpdate), (208 bytes).
    Removing system_stm32f0xx.o(.constdata), (24 bytes).
    Removing system_stm32f0xx.o(.data), (4 bytes).

247 unused section(s) (total 11238 bytes) removed from the image.

==============================================================================

Image Symbol Table

    Local Symbols

    Symbol Name                              Value     Ov Type        Size  Object(Section)

    ../clib/../cmprslib/zerorunl2.c          0x00000000   Number         0  __dczerorl2.o ABSOLUTE
    ../clib/microlib/division.c              0x00000000   Number         0  uidiv.o ABSOLUTE
    ../clib/microlib/division.c              0x00000000   Number         0  idiv.o ABSOLUTE
    ../clib/microlib/init/entry.s            0x00000000   Number         0  entry10b.o ABSOLUTE
    ../clib/microlib/init/entry.s            0x00000000   Number         0  entry9b.o ABSOLUTE
    ../clib/microlib/init/entry.s            0x00000000   Number         0  entry9a.o ABSOLUTE
    ../clib/microlib/init/entry.s            0x00000000   Number         0  entry8b.o ABSOLUTE
    ../clib/microlib/init/entry.s            0x00000000   Number         0  entry8a.o ABSOLUTE
    ../clib/microlib/init/entry.s            0x00000000   Number         0  entry7b.o ABSOLUTE
    ../clib/microlib/init/entry.s            0x00000000   Number         0  entry7a.o ABSOLUTE
    ../clib/microlib/init/entry.s            0x00000000   Number         0  entry5.o ABSOLUTE
    ../clib/microlib/init/entry.s            0x00000000   Number         0  entry11b.o ABSOLUTE
    ../clib/microlib/init/entry.s            0x00000000   Number         0  entry11a.o ABSOLUTE
    ../clib/microlib/init/entry.s            0x00000000   Number         0  entry2.o ABSOLUTE
    ../clib/microlib/init/entry.s            0x00000000   Number         0  entry.o ABSOLUTE
    ../clib/microlib/init/entry.s            0x00000000   Number         0  entry10a.o ABSOLUTE
    ../clib/microlib/malloc/malloc.c         0x00000000   Number         0  mallocr.o ABSOLUTE
    ../clib/microlib/malloc/malloc.c         0x00000000   Number         0  malloc.o ABSOLUTE
    ../clib/microlib/malloc/malloc.c         0x00000000   Number         0  mallocra.o ABSOLUTE
    ../clib/microlib/malloc/malloc.c         0x00000000   Number         0  malloca.o ABSOLUTE
    ../clib/microlib/malloc/mvars.c          0x00000000   Number         0  mvars.o ABSOLUTE
    ../clib/microlib/string/memcpy.c         0x00000000   Number         0  memcpyb.o ABSOLUTE
    ../clib/microlib/string/memcpy.c         0x00000000   Number         0  memcpya.o ABSOLUTE
    Application\\src\\application.c          0x00000000   Number         0  application.o ABSOLUTE
    Application\\src\\isr.c                  0x00000000   Number         0  isr.o ABSOLUTE
    Application\\src\\led.c                  0x00000000   Number         0  led.o ABSOLUTE
    Application\\src\\main.c                 0x00000000   Number         0  main.o ABSOLUTE
    Application\\src\\timer.c                0x00000000   Number         0  timer.o ABSOLUTE
    Application\src\application.c            0x00000000   Number         0  application.o ABSOLUTE
    Application\src\isr.c                    0x00000000   Number         0  isr.o ABSOLUTE
    Application\src\led.c                    0x00000000   Number         0  led.o ABSOLUTE
    Application\src\main.c                   0x00000000   Number         0  main.o ABSOLUTE
    Application\src\timer.c                  0x00000000   Number         0  timer.o ABSOLUTE
    CANopen\CANopen.c                        0x00000000   Number         0  canopen.o ABSOLUTE
    CANopen\CO_Emergency.c                   0x00000000   Number         0  co_emergency.o ABSOLUTE
    CANopen\CO_HBconsumer.c                  0x00000000   Number         0  co_hbconsumer.o ABSOLUTE
    CANopen\CO_NMT_Heartbeat.c               0x00000000   Number         0  co_nmt_heartbeat.o ABSOLUTE
    CANopen\CO_OD.c                          0x00000000   Number         0  co_od.o ABSOLUTE
    CANopen\CO_PDO.c                         0x00000000   Number         0  co_pdo.o ABSOLUTE
    CANopen\CO_SDO.c                         0x00000000   Number         0  co_sdo.o ABSOLUTE
    CANopen\CO_SDOmaster.c                   0x00000000   Number         0  co_sdomaster.o ABSOLUTE
    CANopen\CO_SYNC.c                        0x00000000   Number         0  co_sync.o ABSOLUTE
    CANopen\CO_common.c                      0x00000000   Number         0  co_common.o ABSOLUTE
    CANopen\\CANopen.c                       0x00000000   Number         0  canopen.o ABSOLUTE
    CANopen\\CO_Emergency.c                  0x00000000   Number         0  co_emergency.o ABSOLUTE
    CANopen\\CO_HBconsumer.c                 0x00000000   Number         0  co_hbconsumer.o ABSOLUTE
    CANopen\\CO_NMT_Heartbeat.c              0x00000000   Number         0  co_nmt_heartbeat.o ABSOLUTE
    CANopen\\CO_OD.c                         0x00000000   Number         0  co_od.o ABSOLUTE
    CANopen\\CO_PDO.c                        0x00000000   Number         0  co_pdo.o ABSOLUTE
    CANopen\\CO_SDO.c                        0x00000000   Number         0  co_sdo.o ABSOLUTE
    CANopen\\CO_SDOmaster.c                  0x00000000   Number         0  co_sdomaster.o ABSOLUTE
    CANopen\\CO_SYNC.c                       0x00000000   Number         0  co_sync.o ABSOLUTE
    CANopen\\CO_common.c                     0x00000000   Number         0  co_common.o ABSOLUTE
    CANopen\\co_driver.c                     0x00000000   Number         0  co_driver.o ABSOLUTE
    CANopen\co_driver.c                      0x00000000   Number         0  co_driver.o ABSOLUTE
    CANopen\crc16-ccitt.c                    0x00000000   Number         0  crc16-ccitt.o ABSOLUTE
    STMlib\\stm32f0xx_can.c                  0x00000000   Number         0  stm32f0xx_can.o ABSOLUTE
    STMlib\\stm32f0xx_exti.c                 0x00000000   Number         0  stm32f0xx_exti.o ABSOLUTE
    STMlib\\stm32f0xx_gpio.c                 0x00000000   Number         0  stm32f0xx_gpio.o ABSOLUTE
    STMlib\\stm32f0xx_iwdg.c                 0x00000000   Number         0  stm32f0xx_iwdg.o ABSOLUTE
    STMlib\\stm32f0xx_misc.c                 0x00000000   Number         0  stm32f0xx_misc.o ABSOLUTE
    STMlib\\stm32f0xx_rcc.c                  0x00000000   Number         0  stm32f0xx_rcc.o ABSOLUTE
    STMlib\\stm32f0xx_tim.c                  0x00000000   Number         0  stm32f0xx_tim.o ABSOLUTE
    STMlib\\system_stm32f0xx.c               0x00000000   Number         0  system_stm32f0xx.o ABSOLUTE
    STMlib\stm32f0xx_can.c                   0x00000000   Number         0  stm32f0xx_can.o ABSOLUTE
    STMlib\stm32f0xx_exti.c                  0x00000000   Number         0  stm32f0xx_exti.o ABSOLUTE
    STMlib\stm32f0xx_gpio.c                  0x00000000   Number         0  stm32f0xx_gpio.o ABSOLUTE
    STMlib\stm32f0xx_iwdg.c                  0x00000000   Number         0  stm32f0xx_iwdg.o ABSOLUTE
    STMlib\stm32f0xx_misc.c                  0x00000000   Number         0  stm32f0xx_misc.o ABSOLUTE
    STMlib\stm32f0xx_rcc.c                   0x00000000   Number         0  stm32f0xx_rcc.o ABSOLUTE
    STMlib\stm32f0xx_tim.c                   0x00000000   Number         0  stm32f0xx_tim.o ABSOLUTE
    STMlib\system_stm32f0xx.c                0x00000000   Number         0  system_stm32f0xx.o ABSOLUTE
    dc.s                                     0x00000000   Number         0  dc.o ABSOLUTE
    handlers.s                               0x00000000   Number         0  handlers.o ABSOLUTE
    init.s                                   0x00000000   Number         0  init.o ABSOLUTE
    startup_stm32f072.s                      0x00000000   Number         0  startup_stm32f072.o ABSOLUTE
    RESET                                    0x08000000   Section      192  startup_stm32f072.o(RESET)
    .ARM.Collect$$$$00000000                 0x080000c0   Section        0  entry.o(.ARM.Collect$$$$00000000)
    .ARM.Collect$$$$00000001                 0x080000c0   Section        4  entry2.o(.ARM.Collect$$$$00000001)
    .ARM.Collect$$$$00000004                 0x080000c4   Section        4  entry5.o(.ARM.Collect$$$$00000004)
    .ARM.Collect$$$$00000008                 0x080000c8   Section        0  entry7b.o(.ARM.Collect$$$$00000008)
    .ARM.Collect$$$$0000000A                 0x080000c8   Section        0  entry8b.o(.ARM.Collect$$$$0000000A)
    .ARM.Collect$$$$0000000B                 0x080000c8   Section        8  entry9a.o(.ARM.Collect$$$$0000000B)
    .ARM.Collect$$$$0000000D                 0x080000d0   Section        0  entry10a.o(.ARM.Collect$$$$0000000D)
    .ARM.Collect$$$$0000000F                 0x080000d0   Section        0  entry11a.o(.ARM.Collect$$$$0000000F)
    .ARM.Collect$$$$00002712                 0x080000d0   Section        4  entry2.o(.ARM.Collect$$$$00002712)
    __lit__00000000                          0x080000d0   Data           4  entry2.o(.ARM.Collect$$$$00002712)
    .text                                    0x080000d4   Section       28  startup_stm32f072.o(.text)
    .text                                    0x080000f0   Section        0  uidiv.o(.text)
    .text                                    0x0800011c   Section        0  idiv.o(.text)
    .text                                    0x08000144   Section       36  init.o(.text)
    .text                                    0x08000168   Section        0  __dczerorl2.o(.text)
    i.CAN_DeInit                             0x080001be   Section        0  stm32f0xx_can.o(i.CAN_DeInit)
    i.CAN_FilterInit                         0x080001d8   Section        0  stm32f0xx_can.o(i.CAN_FilterInit)
    i.CAN_ITConfig                           0x080002d4   Section        0  stm32f0xx_can.o(i.CAN_ITConfig)
    i.CAN_Init                               0x080002e8   Section        0  stm32f0xx_can.o(i.CAN_Init)
    i.CAN_Receive                            0x08000404   Section        0  stm32f0xx_can.o(i.CAN_Receive)
    i.CAN_StructInit                         0x0800050a   Section        0  stm32f0xx_can.o(i.CAN_StructInit)
    i.CAN_Transmit                           0x0800052a   Section        0  stm32f0xx_can.o(i.CAN_Transmit)
    i.CEC_CAN_IRQHandler                     0x08000660   Section        0  isr.o(i.CEC_CAN_IRQHandler)
    i.CO_CANClkSetting                       0x0800069c   Section        0  co_driver.o(i.CO_CANClkSetting)
    CO_CANClkSetting                         0x0800069d   Thumb Code    20  co_driver.o(i.CO_CANClkSetting)
    i.CO_CANclearPendingSyncPDOs             0x080006b0   Section        0  co_driver.o(i.CO_CANclearPendingSyncPDOs)
    i.CO_CANconfigGPIO                       0x080006b4   Section        0  co_driver.o(i.CO_CANconfigGPIO)
    CO_CANconfigGPIO                         0x080006b5   Thumb Code    56  co_driver.o(i.CO_CANconfigGPIO)
    i.CO_CANinterrupt_Rx                     0x080006f0   Section        0  co_driver.o(i.CO_CANinterrupt_Rx)
    i.CO_CANinterrupt_Tx                     0x08000752   Section        0  co_driver.o(i.CO_CANinterrupt_Tx)
    i.CO_CANmodule_disable                   0x080007b2   Section        0  co_driver.o(i.CO_CANmodule_disable)
    i.CO_CANmodule_init                      0x080007be   Section        0  co_driver.o(i.CO_CANmodule_init)
    i.CO_CANrxBufferInit                     0x0800092a   Section        0  co_driver.o(i.CO_CANrxBufferInit)
    i.CO_CANsend                             0x0800098c   Section        0  co_driver.o(i.CO_CANsend)
    i.CO_CANsendToModule                     0x080009fc   Section        0  co_driver.o(i.CO_CANsendToModule)
    CO_CANsendToModule                       0x080009fd   Thumb Code    72  co_driver.o(i.CO_CANsendToModule)
    i.CO_CANtxBufferInit                     0x08000a44   Section        0  co_driver.o(i.CO_CANtxBufferInit)
    i.CO_CANverifyErrors                     0x08000a88   Section        0  co_driver.o(i.CO_CANverifyErrors)
    i.CO_EM_init                             0x08000b38   Section        0  co_emergency.o(i.CO_EM_init)
    i.CO_EM_process                          0x08000be8   Section        0  co_emergency.o(i.CO_EM_process)
    i.CO_HBcons_monitoredNodeConfig          0x08000d18   Section        0  co_hbconsumer.o(i.CO_HBcons_monitoredNodeConfig)
    CO_HBcons_monitoredNodeConfig            0x08000d19   Thumb Code   110  co_hbconsumer.o(i.CO_HBcons_monitoredNodeConfig)
    i.CO_HBcons_receive                      0x08000d90   Section        0  co_hbconsumer.o(i.CO_HBcons_receive)
    CO_HBcons_receive                        0x08000d91   Thumb Code    26  co_hbconsumer.o(i.CO_HBcons_receive)
    i.CO_HBconsumer_init                     0x08000dac   Section        0  co_hbconsumer.o(i.CO_HBconsumer_init)
    i.CO_HBconsumer_process                  0x08000e0c   Section        0  co_hbconsumer.o(i.CO_HBconsumer_process)
    i.CO_NMT_blinkingProcess50ms             0x08000ec4   Section        0  co_nmt_heartbeat.o(i.CO_NMT_blinkingProcess50ms)
    i.CO_NMT_init                            0x08000fd8   Section        0  co_nmt_heartbeat.o(i.CO_NMT_init)
    i.CO_NMT_process                         0x08001040   Section        0  co_nmt_heartbeat.o(i.CO_NMT_process)
    i.CO_NMT_receive                         0x08001254   Section        0  co_nmt_heartbeat.o(i.CO_NMT_receive)
    CO_NMT_receive                           0x08001255   Thumb Code    98  co_nmt_heartbeat.o(i.CO_NMT_receive)
    i.CO_ODF_1003                            0x080012b8   Section        0  co_emergency.o(i.CO_ODF_1003)
    CO_ODF_1003                              0x080012b9   Thumb Code    70  co_emergency.o(i.CO_ODF_1003)
    i.CO_ODF_1005                            0x0800130c   Section        0  co_sync.o(i.CO_ODF_1005)
    CO_ODF_1005                              0x0800130d   Thumb Code   164  co_sync.o(i.CO_ODF_1005)
    i.CO_ODF_1006                            0x080013c0   Section        0  co_sync.o(i.CO_ODF_1006)
    CO_ODF_1006                              0x080013c1   Thumb Code    66  co_sync.o(i.CO_ODF_1006)
    i.CO_ODF_1014                            0x08001402   Section        0  co_emergency.o(i.CO_ODF_1014)
    CO_ODF_1014                              0x08001403   Thumb Code    36  co_emergency.o(i.CO_ODF_1014)
    i.CO_ODF_1016                            0x08001428   Section        0  co_hbconsumer.o(i.CO_ODF_1016)
    CO_ODF_1016                              0x08001429   Thumb Code   146  co_hbconsumer.o(i.CO_ODF_1016)
    i.CO_ODF_1019                            0x080014c0   Section        0  co_sync.o(i.CO_ODF_1019)
    CO_ODF_1019                              0x080014c1   Thumb Code    68  co_sync.o(i.CO_ODF_1019)
    i.CO_ODF_1200                            0x08001508   Section        0  co_sdo.o(i.CO_ODF_1200)
    CO_ODF_1200                              0x08001509   Thumb Code    42  co_sdo.o(i.CO_ODF_1200)
    i.CO_ODF_RPDOcom                         0x08001534   Section        0  co_pdo.o(i.CO_ODF_RPDOcom)
    CO_ODF_RPDOcom                           0x08001535   Thumb Code   220  co_pdo.o(i.CO_ODF_RPDOcom)
    i.CO_ODF_RPDOmap                         0x08001620   Section        0  co_pdo.o(i.CO_ODF_RPDOmap)
    CO_ODF_RPDOmap                           0x08001621   Thumb Code   156  co_pdo.o(i.CO_ODF_RPDOmap)
    i.CO_ODF_TPDOcom                         0x080016c8   Section        0  co_pdo.o(i.CO_ODF_TPDOcom)
    CO_ODF_TPDOcom                           0x080016c9   Thumb Code   344  co_pdo.o(i.CO_ODF_TPDOcom)
    i.CO_ODF_TPDOmap                         0x08001830   Section        0  co_pdo.o(i.CO_ODF_TPDOmap)
    CO_ODF_TPDOmap                           0x08001831   Thumb Code   156  co_pdo.o(i.CO_ODF_TPDOmap)
    i.CO_ODF_bitRate                         0x080018d8   Section        0  canopen.o(i.CO_ODF_bitRate)
    CO_ODF_bitRate                           0x080018d9   Thumb Code    94  canopen.o(i.CO_ODF_bitRate)
    i.CO_ODF_nodeId                          0x0800193c   Section        0  canopen.o(i.CO_ODF_nodeId)
    CO_ODF_nodeId                            0x0800193d   Thumb Code    36  canopen.o(i.CO_ODF_nodeId)
    i.CO_OD_configure                        0x08001964   Section        0  co_sdo.o(i.CO_OD_configure)
    i.CO_OD_find                             0x080019c8   Section        0  co_sdo.o(i.CO_OD_find)
    i.CO_OD_getAttribute                     0x08001a2c   Section        0  co_sdo.o(i.CO_OD_getAttribute)
    i.CO_OD_getDataPointer                   0x08001a78   Section        0  co_sdo.o(i.CO_OD_getDataPointer)
    i.CO_OD_getFlagsPointer                  0x08001ac8   Section        0  co_sdo.o(i.CO_OD_getFlagsPointer)
    i.CO_OD_getLength                        0x08001af0   Section        0  co_sdo.o(i.CO_OD_getLength)
    i.CO_PDO_receive                         0x08001b54   Section        0  co_pdo.o(i.CO_PDO_receive)
    CO_PDO_receive                           0x08001b55   Thumb Code    88  co_pdo.o(i.CO_PDO_receive)
    i.CO_PDOfindMap                          0x08001bac   Section        0  co_pdo.o(i.CO_PDOfindMap)
    CO_PDOfindMap                            0x08001bad   Thumb Code   336  co_pdo.o(i.CO_PDOfindMap)
    i.CO_RPDO_init                           0x08001d10   Section        0  co_pdo.o(i.CO_RPDO_init)
    i.CO_RPDO_process                        0x08001d88   Section        0  co_pdo.o(i.CO_RPDO_process)
    i.CO_RPDOconfigCom                       0x08001dc4   Section        0  co_pdo.o(i.CO_RPDOconfigCom)
    CO_RPDOconfigCom                         0x08001dc5   Thumb Code    90  co_pdo.o(i.CO_RPDOconfigCom)
    i.CO_RPDOconfigMap                       0x08001e2c   Section        0  co_pdo.o(i.CO_RPDOconfigMap)
    CO_RPDOconfigMap                         0x08001e2d   Thumb Code   156  co_pdo.o(i.CO_RPDOconfigMap)
    i.CO_SDO_abort                           0x08001ec8   Section        0  co_sdo.o(i.CO_SDO_abort)
    CO_SDO_abort                             0x08001ec9   Thumb Code    68  co_sdo.o(i.CO_SDO_abort)
    i.CO_SDO_init                            0x08001f0c   Section        0  co_sdo.o(i.CO_SDO_init)
    i.CO_SDO_initTransfer                    0x08001fdc   Section        0  co_sdo.o(i.CO_SDO_initTransfer)
    i.CO_SDO_process                         0x080020a4   Section        0  co_sdo.o(i.CO_SDO_process)
    i.CO_SDO_readOD                          0x08002c5c   Section        0  co_sdo.o(i.CO_SDO_readOD)
    i.CO_SDO_receive                         0x08002d10   Section        0  co_sdo.o(i.CO_SDO_receive)
    CO_SDO_receive                           0x08002d11   Thumb Code    60  co_sdo.o(i.CO_SDO_receive)
    i.CO_SDO_writeOD                         0x08002d4c   Section        0  co_sdo.o(i.CO_SDO_writeOD)
    i.CO_SYNC_init                           0x08002dec   Section        0  co_sync.o(i.CO_SYNC_init)
    i.CO_SYNC_process                        0x08002edc   Section        0  co_sync.o(i.CO_SYNC_process)
    i.CO_SYNC_receive                        0x08002fd8   Section        0  co_sync.o(i.CO_SYNC_receive)
    CO_SYNC_receive                          0x08002fd9   Thumb Code    86  co_sync.o(i.CO_SYNC_receive)
    i.CO_TPDO_init                           0x08003030   Section        0  co_pdo.o(i.CO_TPDO_init)
    i.CO_TPDO_process                        0x080030e8   Section        0  co_pdo.o(i.CO_TPDO_process)
    i.CO_TPDOconfigCom                       0x08003220   Section        0  co_pdo.o(i.CO_TPDOconfigCom)
    CO_TPDOconfigCom                         0x08003221   Thumb Code    86  co_pdo.o(i.CO_TPDOconfigCom)
    i.CO_TPDOconfigMap                       0x0800327c   Section        0  co_pdo.o(i.CO_TPDOconfigMap)
    CO_TPDOconfigMap                         0x0800327d   Thumb Code   160  co_pdo.o(i.CO_TPDOconfigMap)
    i.CO_TPDOisCOS                           0x0800331c   Section        0  co_pdo.o(i.CO_TPDOisCOS)
    i.CO_TPDOsend                            0x0800346c   Section        0  co_pdo.o(i.CO_TPDOsend)
    CO_TPDOsend                              0x0800346d   Thumb Code    46  co_pdo.o(i.CO_TPDOsend)
    i.CO_delete                              0x0800349c   Section        0  canopen.o(i.CO_delete)
    i.CO_errorReport                         0x08003558   Section        0  co_emergency.o(i.CO_errorReport)
    i.CO_errorReset                          0x08003616   Section        0  co_emergency.o(i.CO_errorReset)
    i.CO_getUint16                           0x080036ca   Section        0  co_common.o(i.CO_getUint16)
    i.CO_getUint32                           0x080036dc   Section        0  co_common.o(i.CO_getUint32)
    i.CO_init                                0x080036f8   Section        0  canopen.o(i.CO_init)
    i.CO_isError                             0x08003c14   Section        0  co_emergency.o(i.CO_isError)
    i.CO_memcpy                              0x08003c3a   Section        0  co_common.o(i.CO_memcpy)
    i.CO_memcpySwap2                         0x08003c50   Section        0  co_common.o(i.CO_memcpySwap2)
    i.CO_memcpySwap4                         0x08003c5a   Section        0  co_common.o(i.CO_memcpySwap4)
    i.CO_process                             0x08003c6c   Section        0  canopen.o(i.CO_process)
    i.CO_process_RPDO                        0x08003d00   Section        0  canopen.o(i.CO_process_RPDO)
    i.CO_process_TPDO                        0x08003d3c   Section        0  canopen.o(i.CO_process_TPDO)
    i.CO_setUint32                           0x08003d84   Section        0  co_common.o(i.CO_setUint32)
    i.CanLedsSet                             0x08003da2   Section        0  co_driver.o(i.CanLedsSet)
    i.GPIO_Init                              0x08003dcc   Section        0  stm32f0xx_gpio.o(i.GPIO_Init)
    i.GPIO_PinAFConfig                       0x08003e5c   Section        0  stm32f0xx_gpio.o(i.GPIO_PinAFConfig)
    i.HardFault_Handler                      0x08003ea0   Section        0  isr.o(i.HardFault_Handler)
    i.InitCanLeds                            0x08003ea4   Section        0  co_driver.o(i.InitCanLeds)
    i.NMI_Handler                            0x08003eac   Section        0  isr.o(i.NMI_Handler)
    i.NVIC_Init                              0x08003eb0   Section        0  stm32f0xx_misc.o(i.NVIC_Init)
    i.NVIC_SetPriority                       0x08003f20   Section        0  timer.o(i.NVIC_SetPriority)
    NVIC_SetPriority                         0x08003f21   Thumb Code   110  timer.o(i.NVIC_SetPriority)
    i.PendSV_Handler                         0x08003f98   Section        0  isr.o(i.PendSV_Handler)
    i.RCC_AHBPeriphClockCmd                  0x08003f9c   Section        0  stm32f0xx_rcc.o(i.RCC_AHBPeriphClockCmd)
    i.RCC_APB1PeriphClockCmd                 0x08003fbc   Section        0  stm32f0xx_rcc.o(i.RCC_APB1PeriphClockCmd)
    i.RCC_APB1PeriphResetCmd                 0x08003fdc   Section        0  stm32f0xx_rcc.o(i.RCC_APB1PeriphResetCmd)
    i.SVC_Handler                            0x08003ffc   Section        0  isr.o(i.SVC_Handler)
    i.SysTick_Handler                        0x08004000   Section        0  isr.o(i.SysTick_Handler)
    i.SystemInit                             0x08004020   Section        0  system_stm32f0xx.o(i.SystemInit)
    i.TIM2_IRQHandler                        0x08004098   Section        0  isr.o(i.TIM2_IRQHandler)
    i.TIM_ClearITPendingBit                  0x080040d4   Section        0  stm32f0xx_tim.o(i.TIM_ClearITPendingBit)
    i.TIM_Cmd                                0x080040dc   Section        0  stm32f0xx_tim.o(i.TIM_Cmd)
    i.TIM_ITConfig                           0x080040f8   Section        0  stm32f0xx_tim.o(i.TIM_ITConfig)
    i.TIM_TimeBaseInit                       0x0800410c   Section        0  stm32f0xx_tim.o(i.TIM_TimeBaseInit)
    i.__ARM_common_switch8                   0x08004188   Section        0  co_pdo.o(i.__ARM_common_switch8)
    i.__scatterload_copy                     0x080041a4   Section       14  handlers.o(i.__scatterload_copy)
    i.__scatterload_null                     0x080041b2   Section        2  handlers.o(i.__scatterload_null)
    i.__scatterload_zeroinit                 0x080041b4   Section       14  handlers.o(i.__scatterload_zeroinit)
    i.__set_PRIMASK                          0x080041c2   Section        0  co_emergency.o(i.__set_PRIMASK)
    __set_PRIMASK                            0x080041c3   Thumb Code     6  co_emergency.o(i.__set_PRIMASK)
    i.__set_PRIMASK                          0x080041c8   Section        0  co_sdo.o(i.__set_PRIMASK)
    __set_PRIMASK                            0x080041c9   Thumb Code     6  co_sdo.o(i.__set_PRIMASK)
    i.communicationReset                     0x080041d0   Section        0  application.o(i.communicationReset)
    i.crc16_ccitt                            0x080041fc   Section        0  crc16-ccitt.o(i.crc16_ccitt)
    i.free                                   0x0800422c   Section        0  malloc.o(i.free)
    i.getFreeTxBuff                          0x08004280   Section        0  co_driver.o(i.getFreeTxBuff)
    i.main                                   0x080042e4   Section        0  main.o(i.main)
    i.malloc                                 0x08004384   Section        0  malloc.o(i.malloc)
    i.program1ms                             0x080043f0   Section        0  application.o(i.program1ms)
    i.programAsync                           0x08004408   Section        0  application.o(i.programAsync)
    i.programStart                           0x0800445c   Section        0  application.o(i.programStart)
    i.vLED_InitPort                          0x080044a8   Section        0  led.o(i.vLED_InitPort)
    i.vLED_OnPB14Led                         0x080044d4   Section        0  led.o(i.vLED_OnPB14Led)
    i.vTIMER_InitGeneral                     0x080044e8   Section        0  timer.o(i.vTIMER_InitGeneral)
    i.vTIMER_InitRCC                         0x08004550   Section        0  timer.o(i.vTIMER_InitRCC)
    .constdata                               0x0800455c   Section     1780  co_od.o(.constdata)
    .constdata                               0x08004c50   Section      512  crc16-ccitt.o(.constdata)
    crc16_ccitt_table                        0x08004c50   Data         512  crc16-ccitt.o(.constdata)
    .data                                    0x20000000   Section        2  isr.o(.data)
    tick                                     0x20000000   Data           2  isr.o(.data)
    .data                                    0x20000004   Section        4  timer.o(.data)
    .data                                    0x20000008   Section        4  main.o(.data)
    timer1msPrevious                         0x20000008   Data           4  main.o(.data)
    .data                                    0x2000000c   Section       25  canopen.o(.data)
    CO_memoryUsed                            0x2000000c   Data           4  canopen.o(.data)
    CO_CANmodule_rxArray0                    0x20000014   Data           4  canopen.o(.data)
    CO_CANmodule_txArray0                    0x20000018   Data           4  canopen.o(.data)
    CO_SDO_ODExtensions                      0x2000001c   Data           4  canopen.o(.data)
    CO_HBcons_monitoredNodes                 0x20000020   Data           4  canopen.o(.data)
    ms50                                     0x20000024   Data           1  canopen.o(.data)
    .data                                    0x20000028   Section      960  co_od.o(.data)
    .data                                    0x200003e8   Section        8  co_pdo.o(.data)
    dummyTX                                  0x200003e8   Data           4  co_pdo.o(.data)
    dummyRX                                  0x200003ec   Data           4  co_pdo.o(.data)
    .data                                    0x200003f0   Section        4  mvars.o(.data)
    .data                                    0x200003f4   Section        4  mvars.o(.data)
    .bss                                     0x200003f8   Section      100  canopen.o(.bss)
    COO                                      0x20000420   Data          60  canopen.o(.bss)
    HEAP                                     0x20000460   Section      512  startup_stm32f072.o(HEAP)
    STACK                                    0x20000660   Section     1024  startup_stm32f072.o(STACK)

    Global Symbols

    Symbol Name                              Value     Ov Type        Size  Object(Section)

    BuildAttributes$$THM_ISAv3M$S$PE$A:L22$X:L11$S22$IEEE1$IW$USESV6$~STKCKD$USESV7$~SHL$OSPACE$EBA8$MICROLIB$REQ8$PRES8$EABIv2 0x00000000   Number         0  anon$$obj.o ABSOLUTE
    __ARM_use_no_argv                        0x00000000   Number         0  main.o ABSOLUTE
    __cpp_initialize__aeabi_                  - Undefined Weak Reference
    __cxa_finalize                            - Undefined Weak Reference
    _clock_init                               - Undefined Weak Reference
    _microlib_exit                            - Undefined Weak Reference
    __Vectors_Size                           0x000000c0   Number         0  startup_stm32f072.o ABSOLUTE
    __Vectors                                0x08000000   Data           4  startup_stm32f072.o(RESET)
    __Vectors_End                            0x080000c0   Data           0  startup_stm32f072.o(RESET)
    __main                                   0x080000c1   Thumb Code     0  entry.o(.ARM.Collect$$$$00000000)
    _main_stk                                0x080000c1   Thumb Code     0  entry2.o(.ARM.Collect$$$$00000001)
    _main_scatterload                        0x080000c5   Thumb Code     0  entry5.o(.ARM.Collect$$$$00000004)
    __main_after_scatterload                 0x080000c9   Thumb Code     0  entry5.o(.ARM.Collect$$$$00000004)
    _main_clock                              0x080000c9   Thumb Code     0  entry7b.o(.ARM.Collect$$$$00000008)
    _main_cpp_init                           0x080000c9   Thumb Code     0  entry8b.o(.ARM.Collect$$$$0000000A)
    _main_init                               0x080000c9   Thumb Code     0  entry9a.o(.ARM.Collect$$$$0000000B)
    __rt_final_cpp                           0x080000d1   Thumb Code     0  entry10a.o(.ARM.Collect$$$$0000000D)
    __rt_final_exit                          0x080000d1   Thumb Code     0  entry11a.o(.ARM.Collect$$$$0000000F)
    Reset_Handler                            0x080000d5   Thumb Code     8  startup_stm32f072.o(.text)
    ADC1_COMP_IRQHandler                     0x080000e7   Thumb Code     0  startup_stm32f072.o(.text)
    DMA1_Channel1_IRQHandler                 0x080000e7   Thumb Code     0  startup_stm32f072.o(.text)
    DMA1_Channel2_3_IRQHandler               0x080000e7   Thumb Code     0  startup_stm32f072.o(.text)
    DMA1_Channel4_5_6_7_IRQHandler           0x080000e7   Thumb Code     0  startup_stm32f072.o(.text)
    EXTI0_1_IRQHandler                       0x080000e7   Thumb Code     0  startup_stm32f072.o(.text)
    EXTI2_3_IRQHandler                       0x080000e7   Thumb Code     0  startup_stm32f072.o(.text)
    EXTI4_15_IRQHandler                      0x080000e7   Thumb Code     0  startup_stm32f072.o(.text)
    FLASH_IRQHandler                         0x080000e7   Thumb Code     0  startup_stm32f072.o(.text)
    I2C1_IRQHandler                          0x080000e7   Thumb Code     0  startup_stm32f072.o(.text)
    I2C2_IRQHandler                          0x080000e7   Thumb Code     0  startup_stm32f072.o(.text)
    PVD_VDDIO2_IRQHandler                    0x080000e7   Thumb Code     0  startup_stm32f072.o(.text)
    RCC_CRS_IRQHandler                       0x080000e7   Thumb Code     0  startup_stm32f072.o(.text)
    RTC_IRQHandler                           0x080000e7   Thumb Code     0  startup_stm32f072.o(.text)
    SPI1_IRQHandler                          0x080000e7   Thumb Code     0  startup_stm32f072.o(.text)
    SPI2_IRQHandler                          0x080000e7   Thumb Code     0  startup_stm32f072.o(.text)
    TIM14_IRQHandler                         0x080000e7   Thumb Code     0  startup_stm32f072.o(.text)
    TIM15_IRQHandler                         0x080000e7   Thumb Code     0  startup_stm32f072.o(.text)
    TIM16_IRQHandler                         0x080000e7   Thumb Code     0  startup_stm32f072.o(.text)
    TIM17_IRQHandler                         0x080000e7   Thumb Code     0  startup_stm32f072.o(.text)
    TIM1_BRK_UP_TRG_COM_IRQHandler           0x080000e7   Thumb Code     0  startup_stm32f072.o(.text)
    TIM1_CC_IRQHandler                       0x080000e7   Thumb Code     0  startup_stm32f072.o(.text)
    TIM3_IRQHandler                          0x080000e7   Thumb Code     0  startup_stm32f072.o(.text)
    TIM6_DAC_IRQHandler                      0x080000e7   Thumb Code     0  startup_stm32f072.o(.text)
    TIM7_IRQHandler                          0x080000e7   Thumb Code     0  startup_stm32f072.o(.text)
    TSC_IRQHandler                           0x080000e7   Thumb Code     0  startup_stm32f072.o(.text)
    USART1_IRQHandler                        0x080000e7   Thumb Code     0  startup_stm32f072.o(.text)
    USART2_IRQHandler                        0x080000e7   Thumb Code     0  startup_stm32f072.o(.text)
    USART3_4_IRQHandler                      0x080000e7   Thumb Code     0  startup_stm32f072.o(.text)
    USB_IRQHandler                           0x080000e7   Thumb Code     0  startup_stm32f072.o(.text)
    WWDG_IRQHandler                          0x080000e7   Thumb Code     0  startup_stm32f072.o(.text)
    __aeabi_uidiv                            0x080000f1   Thumb Code     0  uidiv.o(.text)
    __aeabi_uidivmod                         0x080000f1   Thumb Code    44  uidiv.o(.text)
    __aeabi_idiv                             0x0800011d   Thumb Code     0  idiv.o(.text)
    __aeabi_idivmod                          0x0800011d   Thumb Code    40  idiv.o(.text)
    __scatterload                            0x08000145   Thumb Code    28  init.o(.text)
    __scatterload_rt2                        0x08000145   Thumb Code     0  init.o(.text)
    __decompress                             0x08000169   Thumb Code     0  __dczerorl2.o(.text)
    __decompress1                            0x08000169   Thumb Code    86  __dczerorl2.o(.text)
    CAN_DeInit                               0x080001bf   Thumb Code    24  stm32f0xx_can.o(i.CAN_DeInit)
    CAN_FilterInit                           0x080001d9   Thumb Code   244  stm32f0xx_can.o(i.CAN_FilterInit)
    CAN_ITConfig                             0x080002d5   Thumb Code    20  stm32f0xx_can.o(i.CAN_ITConfig)
    CAN_Init                                 0x080002e9   Thumb Code   280  stm32f0xx_can.o(i.CAN_Init)
    CAN_Receive                              0x08000405   Thumb Code   262  stm32f0xx_can.o(i.CAN_Receive)
    CAN_StructInit                           0x0800050b   Thumb Code    32  stm32f0xx_can.o(i.CAN_StructInit)
    CAN_Transmit                             0x0800052b   Thumb Code   308  stm32f0xx_can.o(i.CAN_Transmit)
    CEC_CAN_IRQHandler                       0x08000661   Thumb Code    50  isr.o(i.CEC_CAN_IRQHandler)
    CO_CANclearPendingSyncPDOs               0x080006b1   Thumb Code     2  co_driver.o(i.CO_CANclearPendingSyncPDOs)
    CO_CANinterrupt_Rx                       0x080006f1   Thumb Code    98  co_driver.o(i.CO_CANinterrupt_Rx)
    CO_CANinterrupt_Tx                       0x08000753   Thumb Code    96  co_driver.o(i.CO_CANinterrupt_Tx)
    CO_CANmodule_disable                     0x080007b3   Thumb Code    12  co_driver.o(i.CO_CANmodule_disable)
    CO_CANmodule_init                        0x080007bf   Thumb Code   364  co_driver.o(i.CO_CANmodule_init)
    CO_CANrxBufferInit                       0x0800092b   Thumb Code    98  co_driver.o(i.CO_CANrxBufferInit)
    CO_CANsend                               0x0800098d   Thumb Code   106  co_driver.o(i.CO_CANsend)
    CO_CANtxBufferInit                       0x08000a45   Thumb Code    68  co_driver.o(i.CO_CANtxBufferInit)
    CO_CANverifyErrors                       0x08000a89   Thumb Code   172  co_driver.o(i.CO_CANverifyErrors)
    CO_EM_init                               0x08000b39   Thumb Code   162  co_emergency.o(i.CO_EM_init)
    CO_EM_process                            0x08000be9   Thumb Code   302  co_emergency.o(i.CO_EM_process)
    CO_HBconsumer_init                       0x08000dad   Thumb Code    88  co_hbconsumer.o(i.CO_HBconsumer_init)
    CO_HBconsumer_process                    0x08000e0d   Thumb Code   180  co_hbconsumer.o(i.CO_HBconsumer_process)
    CO_NMT_blinkingProcess50ms               0x08000ec5   Thumb Code   274  co_nmt_heartbeat.o(i.CO_NMT_blinkingProcess50ms)
    CO_NMT_init                              0x08000fd9   Thumb Code    96  co_nmt_heartbeat.o(i.CO_NMT_init)
    CO_NMT_process                           0x08001041   Thumb Code   532  co_nmt_heartbeat.o(i.CO_NMT_process)
    CO_OD_configure                          0x08001965   Thumb Code    94  co_sdo.o(i.CO_OD_configure)
    CO_OD_find                               0x080019c9   Thumb Code    96  co_sdo.o(i.CO_OD_find)
    CO_OD_getAttribute                       0x08001a2d   Thumb Code    70  co_sdo.o(i.CO_OD_getAttribute)
    CO_OD_getDataPointer                     0x08001a79   Thumb Code    76  co_sdo.o(i.CO_OD_getDataPointer)
    CO_OD_getFlagsPointer                    0x08001ac9   Thumb Code    34  co_sdo.o(i.CO_OD_getFlagsPointer)
    CO_OD_getLength                          0x08001af1   Thumb Code    96  co_sdo.o(i.CO_OD_getLength)
    CO_RPDO_init                             0x08001d11   Thumb Code   110  co_pdo.o(i.CO_RPDO_init)
    CO_RPDO_process                          0x08001d89   Thumb Code    58  co_pdo.o(i.CO_RPDO_process)
    CO_SDO_init                              0x08001f0d   Thumb Code   196  co_sdo.o(i.CO_SDO_init)
    CO_SDO_initTransfer                      0x08001fdd   Thumb Code   184  co_sdo.o(i.CO_SDO_initTransfer)
    CO_SDO_process                           0x080020a5   Thumb Code  2990  co_sdo.o(i.CO_SDO_process)
    CO_SDO_readOD                            0x08002c5d   Thumb Code   170  co_sdo.o(i.CO_SDO_readOD)
    CO_SDO_writeOD                           0x08002d4d   Thumb Code   152  co_sdo.o(i.CO_SDO_writeOD)
    CO_SYNC_init                             0x08002ded   Thumb Code   214  co_sync.o(i.CO_SYNC_init)
    CO_SYNC_process                          0x08002edd   Thumb Code   246  co_sync.o(i.CO_SYNC_process)
    CO_TPDO_init                             0x08003031   Thumb Code   176  co_pdo.o(i.CO_TPDO_init)
    CO_TPDO_process                          0x080030e9   Thumb Code   310  co_pdo.o(i.CO_TPDO_process)
    CO_TPDOisCOS                             0x0800331d   Thumb Code   336  co_pdo.o(i.CO_TPDOisCOS)
    CO_delete                                0x0800349d   Thumb Code   168  canopen.o(i.CO_delete)
    CO_errorReport                           0x08003559   Thumb Code   190  co_emergency.o(i.CO_errorReport)
    CO_errorReset                            0x08003617   Thumb Code   180  co_emergency.o(i.CO_errorReset)
    CO_getUint16                             0x080036cb   Thumb Code    18  co_common.o(i.CO_getUint16)
    CO_getUint32                             0x080036dd   Thumb Code    26  co_common.o(i.CO_getUint32)
    CO_init                                  0x080036f9   Thumb Code  1284  canopen.o(i.CO_init)
    CO_isError                               0x08003c15   Thumb Code    38  co_emergency.o(i.CO_isError)
    CO_memcpy                                0x08003c3b   Thumb Code    22  co_common.o(i.CO_memcpy)
    CO_memcpySwap2                           0x08003c51   Thumb Code    10  co_common.o(i.CO_memcpySwap2)
    CO_memcpySwap4                           0x08003c5b   Thumb Code    18  co_common.o(i.CO_memcpySwap4)
    CO_process                               0x08003c6d   Thumb Code   132  canopen.o(i.CO_process)
    CO_process_RPDO                          0x08003d01   Thumb Code    56  canopen.o(i.CO_process_RPDO)
    CO_process_TPDO                          0x08003d3d   Thumb Code    72  canopen.o(i.CO_process_TPDO)
    CO_setUint32                             0x08003d85   Thumb Code    30  co_common.o(i.CO_setUint32)
    CanLedsSet                               0x08003da3   Thumb Code    42  co_driver.o(i.CanLedsSet)
    GPIO_Init                                0x08003dcd   Thumb Code   144  stm32f0xx_gpio.o(i.GPIO_Init)
    GPIO_PinAFConfig                         0x08003e5d   Thumb Code    68  stm32f0xx_gpio.o(i.GPIO_PinAFConfig)
    HardFault_Handler                        0x08003ea1   Thumb Code     4  isr.o(i.HardFault_Handler)
    InitCanLeds                              0x08003ea5   Thumb Code     8  co_driver.o(i.InitCanLeds)
    NMI_Handler                              0x08003ead   Thumb Code     2  isr.o(i.NMI_Handler)
    NVIC_Init                                0x08003eb1   Thumb Code   106  stm32f0xx_misc.o(i.NVIC_Init)
    PendSV_Handler                           0x08003f99   Thumb Code     2  isr.o(i.PendSV_Handler)
    RCC_AHBPeriphClockCmd                    0x08003f9d   Thumb Code    28  stm32f0xx_rcc.o(i.RCC_AHBPeriphClockCmd)
    RCC_APB1PeriphClockCmd                   0x08003fbd   Thumb Code    28  stm32f0xx_rcc.o(i.RCC_APB1PeriphClockCmd)
    RCC_APB1PeriphResetCmd                   0x08003fdd   Thumb Code    28  stm32f0xx_rcc.o(i.RCC_APB1PeriphResetCmd)
    SVC_Handler                              0x08003ffd   Thumb Code     2  isr.o(i.SVC_Handler)
    SysTick_Handler                          0x08004001   Thumb Code    28  isr.o(i.SysTick_Handler)
    SystemInit                               0x08004021   Thumb Code   102  system_stm32f0xx.o(i.SystemInit)
    TIM2_IRQHandler                          0x08004099   Thumb Code    56  isr.o(i.TIM2_IRQHandler)
    TIM_ClearITPendingBit                    0x080040d5   Thumb Code     6  stm32f0xx_tim.o(i.TIM_ClearITPendingBit)
    TIM_Cmd                                  0x080040dd   Thumb Code    24  stm32f0xx_tim.o(i.TIM_Cmd)
    TIM_ITConfig                             0x080040f9   Thumb Code    20  stm32f0xx_tim.o(i.TIM_ITConfig)
    TIM_TimeBaseInit                         0x0800410d   Thumb Code    90  stm32f0xx_tim.o(i.TIM_TimeBaseInit)
    __ARM_common_switch8                     0x08004189   Thumb Code    28  co_pdo.o(i.__ARM_common_switch8)
    __scatterload_copy                       0x080041a5   Thumb Code    14  handlers.o(i.__scatterload_copy)
    __scatterload_null                       0x080041b3   Thumb Code     2  handlers.o(i.__scatterload_null)
    __scatterload_zeroinit                   0x080041b5   Thumb Code    14  handlers.o(i.__scatterload_zeroinit)
    communicationReset                       0x080041d1   Thumb Code    38  application.o(i.communicationReset)
    crc16_ccitt                              0x080041fd   Thumb Code    42  crc16-ccitt.o(i.crc16_ccitt)
    free                                     0x0800422d   Thumb Code    80  malloc.o(i.free)
    getFreeTxBuff                            0x08004281   Thumb Code    98  co_driver.o(i.getFreeTxBuff)
    main                                     0x080042e5   Thumb Code   142  main.o(i.main)
    malloc                                   0x08004385   Thumb Code    92  malloc.o(i.malloc)
    program1ms                               0x080043f1   Thumb Code    20  application.o(i.program1ms)
    programAsync                             0x08004409   Thumb Code    78  application.o(i.programAsync)
    programStart                             0x0800445d   Thumb Code    60  application.o(i.programStart)
    vLED_InitPort                            0x080044a9   Thumb Code    40  led.o(i.vLED_InitPort)
    vLED_OnPB14Led                           0x080044d5   Thumb Code    18  led.o(i.vLED_OnPB14Led)
    vTIMER_InitGeneral                       0x080044e9   Thumb Code    92  timer.o(i.vTIMER_InitGeneral)
    vTIMER_InitRCC                           0x08004551   Thumb Code    12  timer.o(i.vTIMER_InitRCC)
    OD_record1018                            0x0800455c   Data          40  co_od.o(.constdata)
    OD_record1200                            0x08004584   Data          24  co_od.o(.constdata)
    OD_record1400                            0x0800459c   Data          24  co_od.o(.constdata)
    OD_record1401                            0x080045b4   Data          24  co_od.o(.constdata)
    OD_record1402                            0x080045cc   Data          24  co_od.o(.constdata)
    OD_record1403                            0x080045e4   Data          24  co_od.o(.constdata)
    OD_record1600                            0x080045fc   Data          72  co_od.o(.constdata)
    OD_record1601                            0x08004644   Data          72  co_od.o(.constdata)
    OD_record1602                            0x0800468c   Data          72  co_od.o(.constdata)
    OD_record1603                            0x080046d4   Data          72  co_od.o(.constdata)
    OD_record1800                            0x0800471c   Data          56  co_od.o(.constdata)
    OD_record1801                            0x08004754   Data          56  co_od.o(.constdata)
    OD_record1802                            0x0800478c   Data          56  co_od.o(.constdata)
    OD_record1803                            0x080047c4   Data          56  co_od.o(.constdata)
    OD_record1A00                            0x080047fc   Data          72  co_od.o(.constdata)
    OD_record1A01                            0x08004844   Data          72  co_od.o(.constdata)
    OD_record1A02                            0x0800488c   Data          72  co_od.o(.constdata)
    OD_record1A03                            0x080048d4   Data          72  co_od.o(.constdata)
    OD_record2120                            0x0800491c   Data          48  co_od.o(.constdata)
    OD_record6020                            0x0800494c   Data          40  co_od.o(.constdata)
    CO_OD                                    0x08004974   Data         732  co_od.o(.constdata)
    Region$$Table$$Base                      0x08004e50   Number         0  anon$$obj.o(Region$$Table)
    Region$$Table$$Limit                     0x08004e70   Number         0  anon$$obj.o(Region$$Table)
    timer1ms                                 0x20000004   Data           4  timer.o(.data)
    CO                                       0x20000010   Data           4  canopen.o(.data)
    CO_OD_RAM                                0x20000028   Data         224  co_od.o(.data)
    CO_OD_EEPROM                             0x20000108   Data          76  co_od.o(.data)
    CO_OD_ROM                                0x20000154   Data         660  co_od.o(.data)
    __microlib_freelist                      0x200003f0   Data           4  mvars.o(.data)
    __microlib_freelist_initialised          0x200003f4   Data           4  mvars.o(.data)
    CAN1_TxMsg                               0x200003f8   Data          20  canopen.o(.bss)
    CAN1_RxMsg                               0x2000040c   Data          20  canopen.o(.bss)
    __heap_base                              0x20000460   Data           0  startup_stm32f072.o(HEAP)
    __heap_limit                             0x20000660   Data           0  startup_stm32f072.o(HEAP)
    __initial_sp                             0x20000a60   Data           0  startup_stm32f072.o(STACK)



==============================================================================

Memory Map of the image

  Image Entry point : 0x080000c1

  Load Region LR_IROM1 (Base: 0x08000000, Size: 0x00005268, Max: 0x00020000, ABSOLUTE, COMPRESSED[0x00004f54])

    Execution Region ER_IROM1 (Base: 0x08000000, Size: 0x00004e70, Max: 0x00020000, ABSOLUTE)

    Base Addr    Size         Type   Attr      Idx    E Section Name        Object

    0x08000000   0x000000c0   Data   RO            3    RESET               startup_stm32f072.o
    0x080000c0   0x00000000   Code   RO         2434  * .ARM.Collect$$$$00000000  mc_p.l(entry.o)
    0x080000c0   0x00000004   Code   RO         2469    .ARM.Collect$$$$00000001  mc_p.l(entry2.o)
    0x080000c4   0x00000004   Code   RO         2472    .ARM.Collect$$$$00000004  mc_p.l(entry5.o)
    0x080000c8   0x00000000   Code   RO         2474    .ARM.Collect$$$$00000008  mc_p.l(entry7b.o)
    0x080000c8   0x00000000   Code   RO         2476    .ARM.Collect$$$$0000000A  mc_p.l(entry8b.o)
    0x080000c8   0x00000008   Code   RO         2477    .ARM.Collect$$$$0000000B  mc_p.l(entry9a.o)
    0x080000d0   0x00000000   Code   RO         2479    .ARM.Collect$$$$0000000D  mc_p.l(entry10a.o)
    0x080000d0   0x00000000   Code   RO         2481    .ARM.Collect$$$$0000000F  mc_p.l(entry11a.o)
    0x080000d0   0x00000004   Code   RO         2470    .ARM.Collect$$$$00002712  mc_p.l(entry2.o)
    0x080000d4   0x0000001c   Code   RO            4    .text               startup_stm32f072.o
    0x080000f0   0x0000002c   Code   RO         2437    .text               mc_p.l(uidiv.o)
    0x0800011c   0x00000028   Code   RO         2439    .text               mc_p.l(idiv.o)
    0x08000144   0x00000024   Code   RO         2489    .text               mc_p.l(init.o)
    0x08000168   0x00000056   Code   RO         2499    .text               mc_p.l(__dczerorl2.o)
    0x080001be   0x00000018   Code   RO         1151    i.CAN_DeInit        stm32f0xx_can.o
    0x080001d6   0x00000002   PAD
    0x080001d8   0x000000fc   Code   RO         1153    i.CAN_FilterInit    stm32f0xx_can.o
    0x080002d4   0x00000014   Code   RO         1159    i.CAN_ITConfig      stm32f0xx_can.o
    0x080002e8   0x0000011c   Code   RO         1160    i.CAN_Init          stm32f0xx_can.o
    0x08000404   0x00000106   Code   RO         1163    i.CAN_Receive       stm32f0xx_can.o
    0x0800050a   0x00000020   Code   RO         1166    i.CAN_StructInit    stm32f0xx_can.o
    0x0800052a   0x00000134   Code   RO         1168    i.CAN_Transmit      stm32f0xx_can.o
    0x0800065e   0x00000002   PAD
    0x08000660   0x0000003c   Code   RO           13    i.CEC_CAN_IRQHandler  isr.o
    0x0800069c   0x00000014   Code   RO          543    i.CO_CANClkSetting  co_driver.o
    0x080006b0   0x00000002   Code   RO          544    i.CO_CANclearPendingSyncPDOs  co_driver.o
    0x080006b2   0x00000002   PAD
    0x080006b4   0x0000003c   Code   RO          545    i.CO_CANconfigGPIO  co_driver.o
    0x080006f0   0x00000062   Code   RO          546    i.CO_CANinterrupt_Rx  co_driver.o
    0x08000752   0x00000060   Code   RO          548    i.CO_CANinterrupt_Tx  co_driver.o
    0x080007b2   0x0000000c   Code   RO          549    i.CO_CANmodule_disable  co_driver.o
    0x080007be   0x0000016c   Code   RO          550    i.CO_CANmodule_init  co_driver.o
    0x0800092a   0x00000062   Code   RO          551    i.CO_CANrxBufferInit  co_driver.o
    0x0800098c   0x00000070   Code   RO          552    i.CO_CANsend        co_driver.o
    0x080009fc   0x00000048   Code   RO          553    i.CO_CANsendToModule  co_driver.o
    0x08000a44   0x00000044   Code   RO          554    i.CO_CANtxBufferInit  co_driver.o
    0x08000a88   0x000000b0   Code   RO          555    i.CO_CANverifyErrors  co_driver.o
    0x08000b38   0x000000b0   Code   RO          656    i.CO_EM_init        co_emergency.o
    0x08000be8   0x0000012e   Code   RO          657    i.CO_EM_process     co_emergency.o
    0x08000d16   0x00000002   PAD
    0x08000d18   0x00000078   Code   RO          715    i.CO_HBcons_monitoredNodeConfig  co_hbconsumer.o
    0x08000d90   0x0000001a   Code   RO          716    i.CO_HBcons_receive  co_hbconsumer.o
    0x08000daa   0x00000002   PAD
    0x08000dac   0x00000060   Code   RO          717    i.CO_HBconsumer_init  co_hbconsumer.o
    0x08000e0c   0x000000b8   Code   RO          718    i.CO_HBconsumer_process  co_hbconsumer.o
    0x08000ec4   0x00000112   Code   RO          756    i.CO_NMT_blinkingProcess50ms  co_nmt_heartbeat.o
    0x08000fd6   0x00000002   PAD
    0x08000fd8   0x00000068   Code   RO          757    i.CO_NMT_init       co_nmt_heartbeat.o
    0x08001040   0x00000214   Code   RO          758    i.CO_NMT_process    co_nmt_heartbeat.o
    0x08001254   0x00000062   Code   RO          759    i.CO_NMT_receive    co_nmt_heartbeat.o
    0x080012b6   0x00000002   PAD
    0x080012b8   0x00000054   Code   RO          658    i.CO_ODF_1003       co_emergency.o
    0x0800130c   0x000000b4   Code   RO         1087    i.CO_ODF_1005       co_sync.o
    0x080013c0   0x00000042   Code   RO         1088    i.CO_ODF_1006       co_sync.o
    0x08001402   0x00000024   Code   RO          659    i.CO_ODF_1014       co_emergency.o
    0x08001426   0x00000002   PAD
    0x08001428   0x00000098   Code   RO          719    i.CO_ODF_1016       co_hbconsumer.o
    0x080014c0   0x00000048   Code   RO         1089    i.CO_ODF_1019       co_sync.o
    0x08001508   0x0000002a   Code   RO          916    i.CO_ODF_1200       co_sdo.o
    0x08001532   0x00000002   PAD
    0x08001534   0x000000ec   Code   RO          814    i.CO_ODF_RPDOcom    co_pdo.o
    0x08001620   0x000000a8   Code   RO          815    i.CO_ODF_RPDOmap    co_pdo.o
    0x080016c8   0x00000168   Code   RO          816    i.CO_ODF_TPDOcom    co_pdo.o
    0x08001830   0x000000a8   Code   RO          817    i.CO_ODF_TPDOmap    co_pdo.o
    0x080018d8   0x00000064   Code   RO          391    i.CO_ODF_bitRate    canopen.o
    0x0800193c   0x00000028   Code   RO          392    i.CO_ODF_nodeId     canopen.o
    0x08001964   0x00000064   Code   RO          917    i.CO_OD_configure   co_sdo.o
    0x080019c8   0x00000064   Code   RO          918    i.CO_OD_find        co_sdo.o
    0x08001a2c   0x0000004c   Code   RO          919    i.CO_OD_getAttribute  co_sdo.o
    0x08001a78   0x00000050   Code   RO          920    i.CO_OD_getDataPointer  co_sdo.o
    0x08001ac8   0x00000028   Code   RO          921    i.CO_OD_getFlagsPointer  co_sdo.o
    0x08001af0   0x00000064   Code   RO          922    i.CO_OD_getLength   co_sdo.o
    0x08001b54   0x00000058   Code   RO          818    i.CO_PDO_receive    co_pdo.o
    0x08001bac   0x00000164   Code   RO          819    i.CO_PDOfindMap     co_pdo.o
    0x08001d10   0x00000078   Code   RO          820    i.CO_RPDO_init      co_pdo.o
    0x08001d88   0x0000003a   Code   RO          821    i.CO_RPDO_process   co_pdo.o
    0x08001dc2   0x00000002   PAD
    0x08001dc4   0x00000068   Code   RO          822    i.CO_RPDOconfigCom  co_pdo.o
    0x08001e2c   0x0000009c   Code   RO          823    i.CO_RPDOconfigMap  co_pdo.o
    0x08001ec8   0x00000044   Code   RO          923    i.CO_SDO_abort      co_sdo.o
    0x08001f0c   0x000000d0   Code   RO          924    i.CO_SDO_init       co_sdo.o
    0x08001fdc   0x000000c8   Code   RO          925    i.CO_SDO_initTransfer  co_sdo.o
    0x080020a4   0x00000bb8   Code   RO          926    i.CO_SDO_process    co_sdo.o
    0x08002c5c   0x000000b4   Code   RO          927    i.CO_SDO_readOD     co_sdo.o
    0x08002d10   0x0000003c   Code   RO          928    i.CO_SDO_receive    co_sdo.o
    0x08002d4c   0x000000a0   Code   RO          929    i.CO_SDO_writeOD    co_sdo.o
    0x08002dec   0x000000f0   Code   RO         1090    i.CO_SYNC_init      co_sync.o
    0x08002edc   0x000000fc   Code   RO         1091    i.CO_SYNC_process   co_sync.o
    0x08002fd8   0x00000056   Code   RO         1092    i.CO_SYNC_receive   co_sync.o
    0x0800302e   0x00000002   PAD
    0x08003030   0x000000b8   Code   RO          824    i.CO_TPDO_init      co_pdo.o
    0x080030e8   0x00000136   Code   RO          825    i.CO_TPDO_process   co_pdo.o
    0x0800321e   0x00000002   PAD
    0x08003220   0x0000005c   Code   RO          826    i.CO_TPDOconfigCom  co_pdo.o
    0x0800327c   0x000000a0   Code   RO          827    i.CO_TPDOconfigMap  co_pdo.o
    0x0800331c   0x00000150   Code   RO          828    i.CO_TPDOisCOS      co_pdo.o
    0x0800346c   0x0000002e   Code   RO          829    i.CO_TPDOsend       co_pdo.o
    0x0800349a   0x00000002   PAD
    0x0800349c   0x000000bc   Code   RO          393    i.CO_delete         canopen.o
    0x08003558   0x000000be   Code   RO          660    i.CO_errorReport    co_emergency.o
    0x08003616   0x000000b4   Code   RO          661    i.CO_errorReset     co_emergency.o
    0x080036ca   0x00000012   Code   RO          487    i.CO_getUint16      co_common.o
    0x080036dc   0x0000001a   Code   RO          488    i.CO_getUint32      co_common.o
    0x080036f6   0x00000002   PAD
    0x080036f8   0x0000051c   Code   RO          394    i.CO_init           canopen.o
    0x08003c14   0x00000026   Code   RO          662    i.CO_isError        co_emergency.o
    0x08003c3a   0x00000016   Code   RO          489    i.CO_memcpy         co_common.o
    0x08003c50   0x0000000a   Code   RO          490    i.CO_memcpySwap2    co_common.o
    0x08003c5a   0x00000012   Code   RO          491    i.CO_memcpySwap4    co_common.o
    0x08003c6c   0x00000094   Code   RO          395    i.CO_process        canopen.o
    0x08003d00   0x0000003c   Code   RO          396    i.CO_process_RPDO   canopen.o
    0x08003d3c   0x00000048   Code   RO          397    i.CO_process_TPDO   canopen.o
    0x08003d84   0x0000001e   Code   RO          493    i.CO_setUint32      co_common.o
    0x08003da2   0x0000002a   Code   RO          556    i.CanLedsSet        co_driver.o
    0x08003dcc   0x00000090   Code   RO         1379    i.GPIO_Init         stm32f0xx_gpio.o
    0x08003e5c   0x00000044   Code   RO         1380    i.GPIO_PinAFConfig  stm32f0xx_gpio.o
    0x08003ea0   0x00000004   Code   RO           15    i.HardFault_Handler  isr.o
    0x08003ea4   0x00000008   Code   RO          557    i.InitCanLeds       co_driver.o
    0x08003eac   0x00000002   Code   RO           17    i.NMI_Handler       isr.o
    0x08003eae   0x00000002   PAD
    0x08003eb0   0x00000070   Code   RO         1473    i.NVIC_Init         stm32f0xx_misc.o
    0x08003f20   0x00000078   Code   RO          189    i.NVIC_SetPriority  timer.o
    0x08003f98   0x00000002   Code   RO           18    i.PendSV_Handler    isr.o
    0x08003f9a   0x00000002   PAD
    0x08003f9c   0x00000020   Code   RO         1509    i.RCC_AHBPeriphClockCmd  stm32f0xx_rcc.o
    0x08003fbc   0x00000020   Code   RO         1511    i.RCC_APB1PeriphClockCmd  stm32f0xx_rcc.o
    0x08003fdc   0x00000020   Code   RO         1512    i.RCC_APB1PeriphResetCmd  stm32f0xx_rcc.o
    0x08003ffc   0x00000002   Code   RO           19    i.SVC_Handler       isr.o
    0x08003ffe   0x00000002   PAD
    0x08004000   0x00000020   Code   RO           20    i.SysTick_Handler   isr.o
    0x08004020   0x00000078   Code   RO         2404    i.SystemInit        system_stm32f0xx.o
    0x08004098   0x0000003c   Code   RO           21    i.TIM2_IRQHandler   isr.o
    0x080040d4   0x00000006   Code   RO         1843    i.TIM_ClearITPendingBit  stm32f0xx_tim.o
    0x080040da   0x00000002   PAD
    0x080040dc   0x0000001c   Code   RO         1848    i.TIM_Cmd           stm32f0xx_tim.o
    0x080040f8   0x00000014   Code   RO         1873    i.TIM_ITConfig      stm32f0xx_tim.o
    0x0800410c   0x0000007c   Code   RO         1921    i.TIM_TimeBaseInit  stm32f0xx_tim.o
    0x08004188   0x0000001c   Code   RO          909    i.__ARM_common_switch8  co_pdo.o
    0x080041a4   0x0000000e   Code   RO         2493    i.__scatterload_copy  mc_p.l(handlers.o)
    0x080041b2   0x00000002   Code   RO         2494    i.__scatterload_null  mc_p.l(handlers.o)
    0x080041b4   0x0000000e   Code   RO         2495    i.__scatterload_zeroinit  mc_p.l(handlers.o)
    0x080041c2   0x00000006   Code   RO          663    i.__set_PRIMASK     co_emergency.o
    0x080041c8   0x00000006   Code   RO          930    i.__set_PRIMASK     co_sdo.o
    0x080041ce   0x00000002   PAD
    0x080041d0   0x0000002c   Code   RO          229    i.communicationReset  application.o
    0x080041fc   0x00000030   Code   RO         1131    i.crc16_ccitt       crc16-ccitt.o
    0x0800422c   0x00000054   Code   RO         2441    i.free              mc_p.l(malloc.o)
    0x08004280   0x00000062   Code   RO          558    i.getFreeTxBuff     co_driver.o
    0x080042e2   0x00000002   PAD
    0x080042e4   0x000000a0   Code   RO          303    i.main              main.o
    0x08004384   0x0000006c   Code   RO         2442    i.malloc            mc_p.l(malloc.o)
    0x080043f0   0x00000018   Code   RO          230    i.program1ms        application.o
    0x08004408   0x00000054   Code   RO          231    i.programAsync      application.o
    0x0800445c   0x0000004c   Code   RO          233    i.programStart      application.o
    0x080044a8   0x0000002c   Code   RO          338    i.vLED_InitPort     led.o
    0x080044d4   0x00000012   Code   RO          342    i.vLED_OnPB14Led    led.o
    0x080044e6   0x00000002   PAD
    0x080044e8   0x00000068   Code   RO          190    i.vTIMER_InitGeneral  timer.o
    0x08004550   0x0000000c   Code   RO          191    i.vTIMER_InitRCC    timer.o
    0x0800455c   0x000006f4   Data   RO          793    .constdata          co_od.o
    0x08004c50   0x00000200   Data   RO         1132    .constdata          crc16-ccitt.o
    0x08004e50   0x00000020   Data   RO         2491    Region$$Table       anon$$obj.o


    Execution Region RW_IRAM1 (Base: 0x20000000, Size: 0x00000a60, Max: 0x00004000, ABSOLUTE, COMPRESSED[0x000000e4])

    Base Addr    Size         Type   Attr      Idx    E Section Name        Object

    0x20000000   0x00000002   Data   RW           24    .data               isr.o
    0x20000002   0x00000002   PAD
    0x20000004   0x00000004   Data   RW          192    .data               timer.o
    0x20000008   0x00000004   Data   RW          304    .data               main.o
    0x2000000c   0x00000019   Data   RW          399    .data               canopen.o
    0x20000025   0x00000003   PAD
    0x20000028   0x000003c0   Data   RW          794    .data               co_od.o
    0x200003e8   0x00000008   Data   RW          830    .data               co_pdo.o
    0x200003f0   0x00000004   Data   RW         2487    .data               mc_p.l(mvars.o)
    0x200003f4   0x00000004   Data   RW         2488    .data               mc_p.l(mvars.o)
    0x200003f8   0x00000064   Zero   RW          398    .bss                canopen.o
    0x2000045c   0x00000004   PAD
    0x20000460   0x00000200   Zero   RW            2    HEAP                startup_stm32f072.o
    0x20000660   0x00000400   Zero   RW            1    STACK               startup_stm32f072.o


==============================================================================

Image component sizes


      Code (inc. data)   RO Data    RW Data    ZI Data      Debug   Object Name

       228         32          0          0          0       9132   application.o
      1916        126          0         25        100      22510   canopen.o
       124          0          0          0          0       3199   co_common.o
      1326         14          0          0          0      13713   co_driver.o
      1012         28          0          0          0       6343   co_emergency.o
       578         28          0          0          0       4373   co_hbconsumer.o
      1008          8          0          0          0       3804   co_nmt_heartbeat.o
         0          0       1780        960          0       9453   co_od.o
      2970        126          0          8          0      13785   co_pdo.o
      4420        138          0          0          0      14511   co_sdo.o
       896         52          0          0          0       5017   co_sync.o
        48          6        512          0          0       1174   crc16-ccitt.o
       162         18          0          2          0     184654   isr.o
        62          4          0          0          0        765   led.o
       160         18          0          4          0       7487   main.o
        28          8        192          0       1536        592   startup_stm32f072.o
      1182         12          0          0          0      12982   stm32f0xx_can.o
       212          0          0          0          0       5843   stm32f0xx_gpio.o
       112          6          0          0          0       1624   stm32f0xx_misc.o
        96         12          0          0          0       1478   stm32f0xx_rcc.o
       178         38          0          0          0      22288   stm32f0xx_tim.o
       120         18          0          0          0        417   system_stm32f0xx.o
       236         22          0          4          0       7645   timer.o

    ----------------------------------------------------------------------
     17116        714       2516       1008       1640     352789   Object Totals
         0          0         32          0          0          0   (incl. Generated)
        42          0          0          5          4          0   (incl. Padding)

    ----------------------------------------------------------------------

      Code (inc. data)   RO Data    RW Data    ZI Data      Debug   Library Member Name

        86          0          0          0          0          0   __dczerorl2.o
         0          0          0          0          0          0   entry.o
         0          0          0          0          0          0   entry10a.o
         0          0          0          0          0          0   entry11a.o
         8          4          0          0          0          0   entry2.o
         4          0          0          0          0          0   entry5.o
         0          0          0          0          0          0   entry7b.o
         0          0          0          0          0          0   entry8b.o
         8          4          0          0          0          0   entry9a.o
        30          0          0          0          0          0   handlers.o
        40          0          0          0          0         72   idiv.o
        36          8          0          0          0         68   init.o
       192         20          0          0          0        144   malloc.o
         0          0          0          8          0          0   mvars.o
        44          0          0          0          0         72   uidiv.o

    ----------------------------------------------------------------------
       448         36          0          8          0        356   Library Totals
         0          0          0          0          0          0   (incl. Padding)

    ----------------------------------------------------------------------

      Code (inc. data)   RO Data    RW Data    ZI Data      Debug   Library Name

       448         36          0          8          0        356   mc_p.l

    ----------------------------------------------------------------------
       448         36          0          8          0        356   Library Totals

    ----------------------------------------------------------------------

==============================================================================


      Code (inc. data)   RO Data    RW Data    ZI Data      Debug   

     17564        750       2516       1016       1640     348221   Grand Totals
     17564        750       2516        228       1640     348221   ELF Image Totals (compressed)
     17564        750       2516        228          0          0   ROM Totals

==============================================================================

    Total RO  Size (Code + RO Data)                20080 (  19.61kB)
    Total RW  Size (RW Data + ZI Data)              2656 (   2.59kB)
    Total ROM Size (Code + RO Data + RW Data)      20308 (  19.83kB)

==============================================================================

